Component: ARM Compiler 5.06 update 5 (build 528) Tool: armlink [4d35e2]

==============================================================================

Section Cross References

    main.o(i.Sys) refers to main.o(i.displayCurrent) for displayCurrent
    main.o(i.Sys) refers to main.o(.data) for .data
    main.o(i.adcScan) refers to nrfx_saadc.o(i.nrfx_saadc_sample) for nrfx_saadc_sample
    main.o(i.dispClear) refers to lcd1602.o(i.LCD_Wcom) for LCD_Wcom
    main.o(i.displayCurrent) refers to main.o(i.displayNumToString) for displayNumToString
    main.o(i.displayCurrent) refers to main.o(i.displayNum) for displayNum
    main.o(i.displayNum) refers to lcd1602.o(i.LCD_Wcom) for LCD_Wcom
    main.o(i.displayNum) refers to main.o(i.nrfx_coredep_delay_us) for nrfx_coredep_delay_us
    main.o(i.displayNum) refers to lcd1602.o(i.LCD_Wdat) for LCD_Wdat
    main.o(i.displayNumToString) refers to main.o(.bss) for .bss
    main.o(i.keyInit) refers to main.o(i.nrf_gpio_cfg_input) for nrf_gpio_cfg_input
    main.o(i.keyScan) refers to main.o(i.nrf_gpio_pin_read) for nrf_gpio_pin_read
    main.o(i.keyScan) refers to main.o(.data) for .data
    main.o(i.ledInit) refers to main.o(i.nrf_gpio_cfg_output) for nrf_gpio_cfg_output
    main.o(i.main) refers to main.o(i.ledInit) for ledInit
    main.o(i.main) refers to main.o(i.keyInit) for keyInit
    main.o(i.main) refers to main.o(i.saadc_init) for saadc_init
    main.o(i.main) refers to lcd1602.o(i.LCD1602_Init) for LCD1602_Init
    main.o(i.main) refers to main.o(i.ms1TimerInit) for ms1TimerInit
    main.o(i.main) refers to main.o(i.timeScan) for timeScan
    main.o(i.main) refers to main.o(i.keyScan) for keyScan
    main.o(i.main) refers to nrfx_saadc.o(i.nrfx_saadc_sample) for nrfx_saadc_sample
    main.o(i.main) refers to main.o(i.Sys) for Sys
    main.o(i.main) refers to main.o(.data) for .data
    main.o(i.ms1TimerInit) refers to nrfx_timer.o(i.nrfx_timer_init) for nrfx_timer_init
    main.o(i.ms1TimerInit) refers to app_error.o(i.app_error_handler_bare) for app_error_handler_bare
    main.o(i.ms1TimerInit) refers to nrfx_timer.o(i.nrfx_timer_extended_compare) for nrfx_timer_extended_compare
    main.o(i.ms1TimerInit) refers to nrfx_timer.o(i.nrfx_timer_enable) for nrfx_timer_enable
    main.o(i.ms1TimerInit) refers to main.o(.constdata) for .constdata
    main.o(i.ms1TimerInit) refers to main.o(i.onMs1TimerHandler) for onMs1TimerHandler
    main.o(i.nrf_gpio_cfg_input) refers to main.o(i.nrf_gpio_cfg) for nrf_gpio_cfg
    main.o(i.nrf_gpio_cfg_output) refers to main.o(i.nrf_gpio_cfg) for nrf_gpio_cfg
    main.o(i.nrfx_coredep_delay_us) refers to main.o(.constdata) for .constdata
    main.o(i.onMs1TimerHandler) refers to main.o(.data) for .data
    main.o(i.saadc_callback) refers to nrfx_saadc.o(i.nrfx_saadc_buffer_convert) for nrfx_saadc_buffer_convert
    main.o(i.saadc_callback) refers to app_error.o(i.app_error_handler_bare) for app_error_handler_bare
    main.o(i.saadc_callback) refers to main.o(.data) for .data
    main.o(i.saadc_callback) refers to main.o(.bss) for .bss
    main.o(i.saadc_init) refers to nrfx_saadc.o(i.nrfx_saadc_init) for nrfx_saadc_init
    main.o(i.saadc_init) refers to app_error.o(i.app_error_handler_bare) for app_error_handler_bare
    main.o(i.saadc_init) refers to nrfx_saadc.o(i.nrfx_saadc_channel_init) for nrfx_saadc_channel_init
    main.o(i.saadc_init) refers to nrfx_saadc.o(i.nrfx_saadc_buffer_convert) for nrfx_saadc_buffer_convert
    main.o(i.saadc_init) refers to main.o(.constdata) for .constdata
    main.o(i.saadc_init) refers to main.o(i.saadc_callback) for saadc_callback
    main.o(i.saadc_init) refers to main.o(.data) for .data
    main.o(i.timeScan) refers to main.o(.data) for .data
    nrf_drv_uart.o(i.nrf_drv_uart_init) refers to memcpya.o(.text) for __aeabi_memcpy4
    nrf_drv_uart.o(i.nrf_drv_uart_init) refers to nrfx_uarte.o(i.nrfx_uarte_init) for nrfx_uarte_init
    nrf_drv_uart.o(i.nrf_drv_uart_init) refers to nrfx_uart.o(i.nrfx_uart_init) for nrfx_uart_init
    nrf_drv_uart.o(i.nrf_drv_uart_init) refers to nrf_drv_uart.o(.data) for .data
    nrf_drv_uart.o(i.nrf_drv_uart_init) refers to nrf_drv_uart.o(i.uarte_evt_handler) for uarte_evt_handler
    nrf_drv_uart.o(i.nrf_drv_uart_init) refers to nrf_drv_uart.o(i.uart_evt_handler) for uart_evt_handler
    nrf_drv_uart.o(i.uart_evt_handler) refers to nrf_drv_uart.o(.data) for .data
    nrf_drv_uart.o(i.uarte_evt_handler) refers to nrf_drv_uart.o(.data) for .data
    nrfx_prs.o(i.UARTE0_UART0_IRQHandler) refers to nrfx_prs.o(.data) for .data
    nrfx_prs.o(i.nrfx_prs_acquire) refers to nrfx_prs.o(i.prs_box_get) for prs_box_get
    nrfx_prs.o(i.nrfx_prs_acquire) refers to app_util_platform.o(i.app_util_critical_region_enter) for app_util_critical_region_enter
    nrfx_prs.o(i.nrfx_prs_acquire) refers to app_util_platform.o(i.app_util_critical_region_exit) for app_util_critical_region_exit
    nrfx_prs.o(i.nrfx_prs_release) refers to nrfx_prs.o(i.prs_box_get) for prs_box_get
    nrfx_prs.o(i.prs_box_get) refers to nrfx_prs.o(.data) for .data
    nrfx_uart.o(i.apply_config) refers to nrfx_uart.o(i.nrf_gpio_cfg_output) for nrf_gpio_cfg_output
    nrfx_uart.o(i.apply_config) refers to nrfx_uart.o(i.nrf_gpio_cfg_input) for nrf_gpio_cfg_input
    nrfx_uart.o(i.nrf_gpio_cfg_default) refers to nrfx_uart.o(i.nrf_gpio_cfg) for nrf_gpio_cfg
    nrfx_uart.o(i.nrf_gpio_cfg_input) refers to nrfx_uart.o(i.nrf_gpio_cfg) for nrf_gpio_cfg
    nrfx_uart.o(i.nrf_gpio_cfg_output) refers to nrfx_uart.o(i.nrf_gpio_cfg) for nrf_gpio_cfg
    nrfx_uart.o(i.nrfx_uart_0_irq_handler) refers to nrfx_uart.o(i.uart_irq_handler) for uart_irq_handler
    nrfx_uart.o(i.nrfx_uart_0_irq_handler) refers to nrfx_uart.o(.bss) for .bss
    nrfx_uart.o(i.nrfx_uart_errorsrc_get) refers to nrfx_uart.o(i.nrf_uart_event_clear) for nrf_uart_event_clear
    nrfx_uart.o(i.nrfx_uart_init) refers to nrfx_prs.o(i.nrfx_prs_acquire) for nrfx_prs_acquire
    nrfx_uart.o(i.nrfx_uart_init) refers to nrfx_uart.o(i.apply_config) for apply_config
    nrfx_uart.o(i.nrfx_uart_init) refers to nrfx_uart.o(i.nrf_uart_event_clear) for nrf_uart_event_clear
    nrfx_uart.o(i.nrfx_uart_init) refers to nrfx_uart.o(.bss) for .bss
    nrfx_uart.o(i.nrfx_uart_init) refers to nrfx_uart.o(.constdata) for .constdata
    nrfx_uart.o(i.nrfx_uart_rx) refers to nrfx_uart.o(i.rx_enable) for rx_enable
    nrfx_uart.o(i.nrfx_uart_rx) refers to nrfx_uart.o(i.nrf_uart_event_clear) for nrf_uart_event_clear
    nrfx_uart.o(i.nrfx_uart_rx) refers to nrfx_uart.o(i.nrf_uart_event_check) for nrf_uart_event_check
    nrfx_uart.o(i.nrfx_uart_rx) refers to nrfx_uart.o(i.rx_byte) for rx_byte
    nrfx_uart.o(i.nrfx_uart_rx) refers to nrfx_uart.o(.bss) for .bss
    nrfx_uart.o(i.nrfx_uart_rx_disable) refers to nrfx_uart.o(.bss) for .bss
    nrfx_uart.o(i.nrfx_uart_rx_enable) refers to nrfx_uart.o(i.rx_enable) for rx_enable
    nrfx_uart.o(i.nrfx_uart_rx_enable) refers to nrfx_uart.o(.bss) for .bss
    nrfx_uart.o(i.nrfx_uart_tx) refers to nrfx_uart.o(i.nrfx_uart_tx_in_progress) for nrfx_uart_tx_in_progress
    nrfx_uart.o(i.nrfx_uart_tx) refers to nrfx_uart.o(i.nrf_uart_event_clear) for nrf_uart_event_clear
    nrfx_uart.o(i.nrfx_uart_tx) refers to nrfx_uart.o(i.tx_byte) for tx_byte
    nrfx_uart.o(i.nrfx_uart_tx) refers to nrfx_uart.o(i.nrf_uart_event_check) for nrf_uart_event_check
    nrfx_uart.o(i.nrfx_uart_tx) refers to nrfx_uart.o(.bss) for .bss
    nrfx_uart.o(i.nrfx_uart_tx_abort) refers to nrfx_uart.o(i.tx_done_event) for tx_done_event
    nrfx_uart.o(i.nrfx_uart_tx_abort) refers to nrfx_uart.o(.bss) for .bss
    nrfx_uart.o(i.nrfx_uart_tx_in_progress) refers to nrfx_uart.o(.bss) for .bss
    nrfx_uart.o(i.nrfx_uart_uninit) refers to nrfx_uart.o(i.nrf_gpio_cfg_default) for nrf_gpio_cfg_default
    nrfx_uart.o(i.nrfx_uart_uninit) refers to nrfx_prs.o(i.nrfx_prs_release) for nrfx_prs_release
    nrfx_uart.o(i.nrfx_uart_uninit) refers to nrfx_uart.o(.bss) for .bss
    nrfx_uart.o(i.rx_byte) refers to nrfx_uart.o(i.nrf_uart_event_clear) for nrf_uart_event_clear
    nrfx_uart.o(i.rx_enable) refers to nrfx_uart.o(i.nrf_uart_event_clear) for nrf_uart_event_clear
    nrfx_uart.o(i.tx_byte) refers to nrfx_uart.o(i.nrf_uart_event_clear) for nrf_uart_event_clear
    nrfx_uart.o(i.uart_irq_handler) refers to nrfx_uart.o(i.nrf_uart_int_enable_check) for nrf_uart_int_enable_check
    nrfx_uart.o(i.uart_irq_handler) refers to nrfx_uart.o(i.nrf_uart_event_check) for nrf_uart_event_check
    nrfx_uart.o(i.uart_irq_handler) refers to nrfx_uart.o(i.nrf_uart_event_clear) for nrf_uart_event_clear
    nrfx_uart.o(i.uart_irq_handler) refers to nrfx_uart.o(i.rx_byte) for rx_byte
    nrfx_uart.o(i.uart_irq_handler) refers to nrfx_uart.o(i.rx_done_event) for rx_done_event
    nrfx_uart.o(i.uart_irq_handler) refers to nrfx_uart.o(i.tx_done_event) for tx_done_event
    nrfx_uart.o(i.uart_irq_handler) refers to nrfx_uart.o(i.tx_byte) for tx_byte
    nrfx_uart.o(.constdata) refers to nrfx_uart.o(i.nrfx_uart_0_irq_handler) for nrfx_uart_0_irq_handler
    nrfx_uarte.o(i.apply_config) refers to nrfx_uarte.o(i.nrf_gpio_cfg_output) for nrf_gpio_cfg_output
    nrfx_uarte.o(i.apply_config) refers to nrfx_uarte.o(i.nrf_gpio_cfg_input) for nrf_gpio_cfg_input
    nrfx_uarte.o(i.interrupts_enable) refers to nrfx_uarte.o(i.nrf_uarte_event_clear) for nrf_uarte_event_clear
    nrfx_uarte.o(i.nrf_gpio_cfg_default) refers to nrfx_uarte.o(i.nrf_gpio_cfg) for nrf_gpio_cfg
    nrfx_uarte.o(i.nrf_gpio_cfg_input) refers to nrfx_uarte.o(i.nrf_gpio_cfg) for nrf_gpio_cfg
    nrfx_uarte.o(i.nrf_gpio_cfg_output) refers to nrfx_uarte.o(i.nrf_gpio_cfg) for nrf_gpio_cfg
    nrfx_uarte.o(i.nrfx_uarte_0_irq_handler) refers to nrfx_uarte.o(i.uarte_irq_handler) for uarte_irq_handler
    nrfx_uarte.o(i.nrfx_uarte_0_irq_handler) refers to nrfx_uarte.o(.bss) for .bss
    nrfx_uarte.o(i.nrfx_uarte_errorsrc_get) refers to nrfx_uarte.o(i.nrf_uarte_event_clear) for nrf_uarte_event_clear
    nrfx_uarte.o(i.nrfx_uarte_init) refers to nrfx_prs.o(i.nrfx_prs_acquire) for nrfx_prs_acquire
    nrfx_uarte.o(i.nrfx_uarte_init) refers to nrfx_uarte.o(i.apply_config) for apply_config
    nrfx_uarte.o(i.nrfx_uarte_init) refers to nrfx_uarte.o(i.interrupts_enable) for interrupts_enable
    nrfx_uarte.o(i.nrfx_uarte_init) refers to nrfx_uarte.o(.bss) for .bss
    nrfx_uarte.o(i.nrfx_uarte_init) refers to nrfx_uarte.o(.constdata) for .constdata
    nrfx_uarte.o(i.nrfx_uarte_rx) refers to nrfx_uarte.o(i.nrfx_is_in_ram) for nrfx_is_in_ram
    nrfx_uarte.o(i.nrfx_uarte_rx) refers to nrfx_uarte.o(i.nrf_uarte_event_clear) for nrf_uarte_event_clear
    nrfx_uarte.o(i.nrfx_uarte_rx) refers to nrfx_uarte.o(i.nrf_uarte_event_check) for nrf_uarte_event_check
    nrfx_uarte.o(i.nrfx_uarte_rx) refers to nrfx_uarte.o(.bss) for .bss
    nrfx_uarte.o(i.nrfx_uarte_tx) refers to nrfx_uarte.o(i.nrfx_is_in_ram) for nrfx_is_in_ram
    nrfx_uarte.o(i.nrfx_uarte_tx) refers to nrfx_uarte.o(i.nrfx_uarte_tx_in_progress) for nrfx_uarte_tx_in_progress
    nrfx_uarte.o(i.nrfx_uarte_tx) refers to nrfx_uarte.o(i.nrf_uarte_event_clear) for nrf_uarte_event_clear
    nrfx_uarte.o(i.nrfx_uarte_tx) refers to nrfx_uarte.o(i.nrf_uarte_event_check) for nrf_uarte_event_check
    nrfx_uarte.o(i.nrfx_uarte_tx) refers to nrfx_uarte.o(.bss) for .bss
    nrfx_uarte.o(i.nrfx_uarte_tx_abort) refers to nrfx_uarte.o(i.nrf_uarte_event_clear) for nrf_uarte_event_clear
    nrfx_uarte.o(i.nrfx_uarte_tx_abort) refers to nrfx_uarte.o(i.nrf_uarte_event_check) for nrf_uarte_event_check
    nrfx_uarte.o(i.nrfx_uarte_tx_abort) refers to nrfx_uarte.o(.bss) for .bss
    nrfx_uarte.o(i.nrfx_uarte_tx_in_progress) refers to nrfx_uarte.o(.bss) for .bss
    nrfx_uarte.o(i.nrfx_uarte_uninit) refers to nrfx_uarte.o(i.nrf_gpio_cfg_default) for nrf_gpio_cfg_default
    nrfx_uarte.o(i.nrfx_uarte_uninit) refers to nrfx_prs.o(i.nrfx_prs_release) for nrfx_prs_release
    nrfx_uarte.o(i.nrfx_uarte_uninit) refers to nrfx_uarte.o(.bss) for .bss
    nrfx_uarte.o(i.uarte_irq_handler) refers to nrfx_uarte.o(i.nrf_uarte_event_check) for nrf_uarte_event_check
    nrfx_uarte.o(i.uarte_irq_handler) refers to nrfx_uarte.o(i.nrf_uarte_event_clear) for nrf_uarte_event_clear
    nrfx_uarte.o(i.uarte_irq_handler) refers to nrfx_uarte.o(i.rx_done_event) for rx_done_event
    nrfx_uarte.o(.constdata) refers to nrfx_uarte.o(i.nrfx_uarte_0_irq_handler) for nrfx_uarte_0_irq_handler
    lcd1602.o(i.LCD1602_Init) refers to lcd1602.o(i.Pin_Init) for Pin_Init
    lcd1602.o(i.LCD1602_Init) refers to lcd1602.o(i.nrfx_coredep_delay_us) for nrfx_coredep_delay_us
    lcd1602.o(i.LCD1602_Init) refers to lcd1602.o(i.LCD_Wcom) for LCD_Wcom
    lcd1602.o(i.LCD_Wcom) refers to lcd1602.o(i.nrf_gpio_pin_write) for nrf_gpio_pin_write
    lcd1602.o(i.LCD_Wcom) refers to lcd1602.o(i.nrfx_coredep_delay_us) for nrfx_coredep_delay_us
    lcd1602.o(i.LCD_Wcom) refers to lcd1602.o(.data) for .data
    lcd1602.o(i.LCD_Wdat) refers to lcd1602.o(i.nrf_gpio_pin_write) for nrf_gpio_pin_write
    lcd1602.o(i.LCD_Wdat) refers to lcd1602.o(i.nrfx_coredep_delay_us) for nrfx_coredep_delay_us
    lcd1602.o(i.LCD_Wdat) refers to lcd1602.o(.data) for .data
    lcd1602.o(i.Pin_Init) refers to lcd1602.o(i.nrf_gpio_cfg_output) for nrf_gpio_cfg_output
    lcd1602.o(i.nrfx_coredep_delay_us) refers to lcd1602.o(.constdata) for .constdata
    key.o(i.KEY1_Down) refers to key.o(i.nrf_gpio_pin_read) for nrf_gpio_pin_read
    key.o(i.KEY2_Down) refers to key.o(i.nrf_gpio_pin_read) for nrf_gpio_pin_read
    key.o(i.KEY_Init) refers to key.o(i.nrf_gpio_cfg_input) for nrf_gpio_cfg_input
    nrfx_saadc.o(i.SAADC_IRQHandler) refers to nrfx_saadc.o(i.nrf_saadc_event_check) for nrf_saadc_event_check
    nrfx_saadc.o(i.SAADC_IRQHandler) refers to nrfx_saadc.o(i.nrf_saadc_event_clear) for nrf_saadc_event_clear
    nrfx_saadc.o(i.SAADC_IRQHandler) refers to nrfx_saadc.o(i.nrf_saadc_buffer_init) for nrf_saadc_buffer_init
    nrfx_saadc.o(i.SAADC_IRQHandler) refers to nrfx_saadc.o(.bss) for .bss
    nrfx_saadc.o(i.nrfx_coredep_delay_us) refers to nrfx_saadc.o(.constdata) for .constdata
    nrfx_saadc.o(i.nrfx_saadc_abort) refers to nrfx_saadc.o(i.nrfx_saadc_is_busy) for nrfx_saadc_is_busy
    nrfx_saadc.o(i.nrfx_saadc_abort) refers to nrfx_saadc.o(i.nrf_saadc_event_clear) for nrf_saadc_event_clear
    nrfx_saadc.o(i.nrfx_saadc_abort) refers to nrfx_saadc.o(i.nrfx_coredep_delay_us) for nrfx_coredep_delay_us
    nrfx_saadc.o(i.nrfx_saadc_abort) refers to nrfx_saadc.o(.bss) for .bss
    nrfx_saadc.o(i.nrfx_saadc_buffer_convert) refers to nrfx_saadc.o(i.nrf_saadc_buffer_init) for nrf_saadc_buffer_init
    nrfx_saadc.o(i.nrfx_saadc_buffer_convert) refers to nrfx_saadc.o(i.nrf_saadc_event_check) for nrf_saadc_event_check
    nrfx_saadc.o(i.nrfx_saadc_buffer_convert) refers to nrfx_saadc.o(i.nrf_saadc_event_clear) for nrf_saadc_event_clear
    nrfx_saadc.o(i.nrfx_saadc_buffer_convert) refers to nrfx_saadc.o(.bss) for .bss
    nrfx_saadc.o(i.nrfx_saadc_calibrate_offset) refers to nrfx_saadc.o(i.nrf_saadc_event_clear) for nrf_saadc_event_clear
    nrfx_saadc.o(i.nrfx_saadc_calibrate_offset) refers to nrfx_saadc.o(.bss) for .bss
    nrfx_saadc.o(i.nrfx_saadc_channel_init) refers to nrfx_saadc.o(i.nrf_saadc_channel_input_set) for nrf_saadc_channel_input_set
    nrfx_saadc.o(i.nrfx_saadc_channel_init) refers to nrfx_saadc.o(.bss) for .bss
    nrfx_saadc.o(i.nrfx_saadc_channel_uninit) refers to nrfx_saadc.o(i.nrf_saadc_channel_input_set) for nrf_saadc_channel_input_set
    nrfx_saadc.o(i.nrfx_saadc_channel_uninit) refers to nrfx_saadc.o(i.nrfx_saadc_limits_set) for nrfx_saadc_limits_set
    nrfx_saadc.o(i.nrfx_saadc_channel_uninit) refers to nrfx_saadc.o(.bss) for .bss
    nrfx_saadc.o(i.nrfx_saadc_init) refers to nrfx_saadc.o(i.nrf_saadc_event_clear) for nrf_saadc_event_clear
    nrfx_saadc.o(i.nrfx_saadc_init) refers to nrfx_saadc.o(.bss) for .bss
    nrfx_saadc.o(i.nrfx_saadc_is_busy) refers to nrfx_saadc.o(.bss) for .bss
    nrfx_saadc.o(i.nrfx_saadc_limits_set) refers to nrfx_saadc.o(i.nrf_saadc_limit_int_get) for nrf_saadc_limit_int_get
    nrfx_saadc.o(i.nrfx_saadc_limits_set) refers to nrfx_saadc.o(.bss) for .bss
    nrfx_saadc.o(i.nrfx_saadc_sample) refers to nrfx_saadc.o(.bss) for .bss
    nrfx_saadc.o(i.nrfx_saadc_sample_convert) refers to nrfx_saadc.o(i.nrf_saadc_buffer_init) for nrf_saadc_buffer_init
    nrfx_saadc.o(i.nrfx_saadc_sample_convert) refers to nrfx_saadc.o(i.nrf_saadc_channel_input_set) for nrf_saadc_channel_input_set
    nrfx_saadc.o(i.nrfx_saadc_sample_convert) refers to nrfx_saadc.o(i.nrf_saadc_event_check) for nrf_saadc_event_check
    nrfx_saadc.o(i.nrfx_saadc_sample_convert) refers to nrfx_saadc.o(i.nrfx_coredep_delay_us) for nrfx_coredep_delay_us
    nrfx_saadc.o(i.nrfx_saadc_sample_convert) refers to nrfx_saadc.o(i.nrf_saadc_event_clear) for nrf_saadc_event_clear
    nrfx_saadc.o(i.nrfx_saadc_sample_convert) refers to nrfx_saadc.o(.bss) for .bss
    nrfx_saadc.o(i.nrfx_saadc_sample_task_get) refers to nrfx_saadc.o(.bss) for .bss
    nrfx_saadc.o(i.nrfx_saadc_uninit) refers to nrfx_saadc.o(i.nrf_saadc_event_check) for nrf_saadc_event_check
    nrfx_saadc.o(i.nrfx_saadc_uninit) refers to nrfx_saadc.o(i.nrfx_coredep_delay_us) for nrfx_coredep_delay_us
    nrfx_saadc.o(i.nrfx_saadc_uninit) refers to nrfx_saadc.o(i.nrfx_saadc_channel_uninit) for nrfx_saadc_channel_uninit
    nrfx_saadc.o(i.nrfx_saadc_uninit) refers to nrfx_saadc.o(.bss) for .bss
    nrfx_timer.o(i.TIMER0_IRQHandler) refers to nrfx_timer.o(i.irq_handler) for irq_handler
    nrfx_timer.o(i.TIMER0_IRQHandler) refers to nrfx_timer.o(.bss) for .bss
    nrfx_timer.o(i.TIMER1_IRQHandler) refers to nrfx_timer.o(i.irq_handler) for irq_handler
    nrfx_timer.o(i.TIMER1_IRQHandler) refers to nrfx_timer.o(.bss) for .bss
    nrfx_timer.o(i.irq_handler) refers to nrfx_timer.o(i.nrf_timer_event_clear) for nrf_timer_event_clear
    nrfx_timer.o(i.nrfx_timer_compare) refers to nrfx_timer.o(i.nrf_timer_event_clear) for nrf_timer_event_clear
    nrfx_timer.o(i.nrfx_timer_compare_int_enable) refers to nrfx_timer.o(i.nrf_timer_event_clear) for nrf_timer_event_clear
    nrfx_timer.o(i.nrfx_timer_disable) refers to nrfx_timer.o(.bss) for .bss
    nrfx_timer.o(i.nrfx_timer_enable) refers to nrfx_timer.o(.bss) for .bss
    nrfx_timer.o(i.nrfx_timer_extended_compare) refers to nrfx_timer.o(i.nrfx_timer_compare) for nrfx_timer_compare
    nrfx_timer.o(i.nrfx_timer_init) refers to nrfx_timer.o(i.nrf_timer_event_clear) for nrf_timer_event_clear
    nrfx_timer.o(i.nrfx_timer_init) refers to nrfx_timer.o(.bss) for .bss
    nrfx_timer.o(i.nrfx_timer_is_enabled) refers to nrfx_timer.o(.bss) for .bss
    nrfx_timer.o(i.nrfx_timer_uninit) refers to nrfx_timer.o(i.nrfx_timer_disable) for nrfx_timer_disable
    nrfx_timer.o(i.nrfx_timer_uninit) refers to nrfx_timer.o(.bss) for .bss
    app_error.o(i.app_error_handler_bare) refers to app_error_weak.o(i.app_error_fault_handler) for app_error_fault_handler
    app_error.o(i.app_error_save_and_stop) refers to app_error.o(.bss) for .bss
    app_error_handler_keil.o(.emb_text) refers to app_error_weak.o(i.app_error_fault_handler) for app_error_fault_handler
    app_util_platform.o(i.app_util_critical_region_enter) refers to app_util_platform.o(i.app_util_disable_irq) for app_util_disable_irq
    app_util_platform.o(i.app_util_critical_region_exit) refers to app_util_platform.o(i.app_util_enable_irq) for app_util_enable_irq
    app_util_platform.o(i.app_util_disable_irq) refers to app_util_platform.o(.data) for .data
    app_util_platform.o(i.app_util_enable_irq) refers to app_util_platform.o(.data) for .data
    nrf_assert.o(i.assert_nrf_callback) refers to app_error_weak.o(i.app_error_fault_handler) for app_error_fault_handler
    nrf_strerror.o(i.nrf_strerror_find) refers to nrf_strerror.o(.constdata) for .constdata
    nrf_strerror.o(i.nrf_strerror_get) refers to nrf_strerror.o(i.nrf_strerror_find) for nrf_strerror_find
    nrf_strerror.o(i.nrf_strerror_get) refers to nrf_strerror.o(.constdata) for .constdata
    nrf_strerror.o(.constdata) refers to nrf_strerror.o(.conststring) for .conststring
    app_uart_fifo.o(i.app_uart_close) refers to nrfx_uarte.o(i.nrfx_uarte_uninit) for nrfx_uarte_uninit
    app_uart_fifo.o(i.app_uart_close) refers to nrfx_uart.o(i.nrfx_uart_uninit) for nrfx_uart_uninit
    app_uart_fifo.o(i.app_uart_close) refers to app_uart_fifo.o(.data) for .data
    app_uart_fifo.o(i.app_uart_close) refers to nrf_drv_uart.o(.data) for nrf_drv_uart_use_easy_dma
    app_uart_fifo.o(i.app_uart_flush) refers to app_fifo.o(i.app_fifo_flush) for app_fifo_flush
    app_uart_fifo.o(i.app_uart_flush) refers to app_uart_fifo.o(.bss) for .bss
    app_uart_fifo.o(i.app_uart_get) refers to app_fifo.o(i.app_fifo_get) for app_fifo_get
    app_uart_fifo.o(i.app_uart_get) refers to app_uart_fifo.o(i.nrf_drv_uart_rx) for nrf_drv_uart_rx
    app_uart_fifo.o(i.app_uart_get) refers to app_error.o(i.app_error_handler_bare) for app_error_handler_bare
    app_uart_fifo.o(i.app_uart_get) refers to app_uart_fifo.o(.data) for .data
    app_uart_fifo.o(i.app_uart_get) refers to app_uart_fifo.o(.bss) for .bss
    app_uart_fifo.o(i.app_uart_init) refers to app_fifo.o(i.app_fifo_init) for app_fifo_init
    app_uart_fifo.o(i.app_uart_init) refers to memcpya.o(.text) for __aeabi_memcpy4
    app_uart_fifo.o(i.app_uart_init) refers to nrf_drv_uart.o(i.nrf_drv_uart_init) for nrf_drv_uart_init
    app_uart_fifo.o(i.app_uart_init) refers to app_uart_fifo.o(i.nrf_drv_uart_rx) for nrf_drv_uart_rx
    app_uart_fifo.o(i.app_uart_init) refers to app_uart_fifo.o(.data) for .data
    app_uart_fifo.o(i.app_uart_init) refers to app_uart_fifo.o(.bss) for .bss
    app_uart_fifo.o(i.app_uart_init) refers to app_uart_fifo.o(.constdata) for .constdata
    app_uart_fifo.o(i.app_uart_init) refers to app_uart_fifo.o(i.uart_event_handler) for uart_event_handler
    app_uart_fifo.o(i.app_uart_put) refers to app_fifo.o(i.app_fifo_put) for app_fifo_put
    app_uart_fifo.o(i.app_uart_put) refers to nrfx_uarte.o(i.nrfx_uarte_tx_in_progress) for nrfx_uarte_tx_in_progress
    app_uart_fifo.o(i.app_uart_put) refers to nrfx_uart.o(i.nrfx_uart_tx_in_progress) for nrfx_uart_tx_in_progress
    app_uart_fifo.o(i.app_uart_put) refers to app_fifo.o(i.app_fifo_get) for app_fifo_get
    app_uart_fifo.o(i.app_uart_put) refers to app_uart_fifo.o(i.nrf_drv_uart_tx) for nrf_drv_uart_tx
    app_uart_fifo.o(i.app_uart_put) refers to app_uart_fifo.o(.bss) for .bss
    app_uart_fifo.o(i.app_uart_put) refers to app_uart_fifo.o(.data) for .data
    app_uart_fifo.o(i.app_uart_put) refers to nrf_drv_uart.o(.data) for nrf_drv_uart_use_easy_dma
    app_uart_fifo.o(i.nrf_drv_uart_rx) refers to nrfx_uarte.o(i.nrfx_uarte_rx) for nrfx_uarte_rx
    app_uart_fifo.o(i.nrf_drv_uart_rx) refers to nrfx_uart.o(i.nrfx_uart_rx) for nrfx_uart_rx
    app_uart_fifo.o(i.nrf_drv_uart_rx) refers to nrf_drv_uart.o(.data) for nrf_drv_uart_use_easy_dma
    app_uart_fifo.o(i.nrf_drv_uart_tx) refers to nrfx_uarte.o(i.nrfx_uarte_tx) for nrfx_uarte_tx
    app_uart_fifo.o(i.nrf_drv_uart_tx) refers to nrfx_uart.o(i.nrfx_uart_tx) for nrfx_uart_tx
    app_uart_fifo.o(i.nrf_drv_uart_tx) refers to nrf_drv_uart.o(.data) for nrf_drv_uart_use_easy_dma
    app_uart_fifo.o(i.uart_event_handler) refers to app_uart_fifo.o(i.nrf_drv_uart_rx) for nrf_drv_uart_rx
    app_uart_fifo.o(i.uart_event_handler) refers to app_fifo.o(i.app_fifo_put) for app_fifo_put
    app_uart_fifo.o(i.uart_event_handler) refers to app_fifo.o(i.app_fifo_get) for app_fifo_get
    app_uart_fifo.o(i.uart_event_handler) refers to app_uart_fifo.o(i.nrf_drv_uart_tx) for nrf_drv_uart_tx
    app_uart_fifo.o(i.uart_event_handler) refers to app_uart_fifo.o(.data) for .data
    app_uart_fifo.o(i.uart_event_handler) refers to app_uart_fifo.o(.bss) for .bss
    app_fifo.o(i.app_fifo_get) refers to app_fifo.o(i.fifo_get) for fifo_get
    app_fifo.o(i.app_fifo_put) refers to app_fifo.o(i.fifo_put) for fifo_put
    app_fifo.o(i.app_fifo_read) refers to app_fifo.o(i.fifo_get) for fifo_get
    app_fifo.o(i.app_fifo_write) refers to app_fifo.o(i.fifo_put) for fifo_put
    retarget.o(i.fgetc) refers to app_uart_fifo.o(i.app_uart_get) for app_uart_get
    retarget.o(i.fputc) refers to app_uart_fifo.o(i.app_uart_put) for app_uart_put
    arm_startup_nrf52.o(RESET) refers to arm_startup_nrf52.o(STACK) for __initial_sp
    arm_startup_nrf52.o(RESET) refers to arm_startup_nrf52.o(.text) for Reset_Handler
    arm_startup_nrf52.o(RESET) refers to nrfx_prs.o(i.UARTE0_UART0_IRQHandler) for UARTE0_UART0_IRQHandler
    arm_startup_nrf52.o(RESET) refers to nrfx_saadc.o(i.SAADC_IRQHandler) for SAADC_IRQHandler
    arm_startup_nrf52.o(RESET) refers to nrfx_timer.o(i.TIMER0_IRQHandler) for TIMER0_IRQHandler
    arm_startup_nrf52.o(RESET) refers to nrfx_timer.o(i.TIMER1_IRQHandler) for TIMER1_IRQHandler
    arm_startup_nrf52.o(.text) refers to system_nrf52.o(i.SystemInit) for SystemInit
    arm_startup_nrf52.o(.text) refers to entry.o(.ARM.Collect$$$$00000000) for __main
    system_nrf52.o(i.SystemCoreClockUpdate) refers to system_nrf52.o(.data) for .data
    system_nrf52.o(i.SystemInit) refers to system_nrf52.o(.data) for .data
    entry.o(.ARM.Collect$$$$00000000) refers (Special) to entry10a.o(.ARM.Collect$$$$0000000D) for __rt_final_cpp
    entry.o(.ARM.Collect$$$$00000000) refers (Special) to entry11a.o(.ARM.Collect$$$$0000000F) for __rt_final_exit
    entry.o(.ARM.Collect$$$$00000000) refers (Special) to entry7b.o(.ARM.Collect$$$$00000008) for _main_clock
    entry.o(.ARM.Collect$$$$00000000) refers (Special) to entry8b.o(.ARM.Collect$$$$0000000A) for _main_cpp_init
    entry.o(.ARM.Collect$$$$00000000) refers (Special) to entry9a.o(.ARM.Collect$$$$0000000B) for _main_init
    entry.o(.ARM.Collect$$$$00000000) refers (Special) to entry5.o(.ARM.Collect$$$$00000004) for _main_scatterload
    entry.o(.ARM.Collect$$$$00000000) refers (Special) to entry2.o(.ARM.Collect$$$$00000001) for _main_stk
    entry2.o(.ARM.Collect$$$$00000001) refers to entry2.o(.ARM.Collect$$$$00002712) for __lit__00000000
    entry2.o(.ARM.Collect$$$$00002712) refers to arm_startup_nrf52.o(STACK) for __initial_sp
    entry2.o(__vectab_stack_and_reset_area) refers to arm_startup_nrf52.o(STACK) for __initial_sp
    entry2.o(__vectab_stack_and_reset_area) refers to entry.o(.ARM.Collect$$$$00000000) for __main
    entry5.o(.ARM.Collect$$$$00000004) refers to init.o(.text) for __scatterload
    entry9a.o(.ARM.Collect$$$$0000000B) refers to main.o(i.main) for main
    entry9b.o(.ARM.Collect$$$$0000000C) refers to main.o(i.main) for main
    init.o(.text) refers to entry5.o(.ARM.Collect$$$$00000004) for __main_after_scatterload


==============================================================================

Removing Unused input sections from the image.

    Removing main.o(.rev16_text), (4 bytes).
    Removing main.o(.revsh_text), (4 bytes).
    Removing main.o(.rrx_text), (6 bytes).
    Removing main.o(i.adcScan), (4 bytes).
    Removing main.o(i.dispClear), (6 bytes).
    Removing main.o(.constdata), (8 bytes).
    Removing nrf_drv_uart.o(.rev16_text), (4 bytes).
    Removing nrf_drv_uart.o(.revsh_text), (4 bytes).
    Removing nrf_drv_uart.o(.rrx_text), (6 bytes).
    Removing nrf_drv_uart.o(i.nrf_drv_uart_init), (104 bytes).
    Removing nrf_drv_uart.o(i.uart_evt_handler), (48 bytes).
    Removing nrf_drv_uart.o(i.uarte_evt_handler), (48 bytes).
    Removing nrf_drv_uart.o(.data), (12 bytes).
    Removing nrfx_prs.o(.rev16_text), (4 bytes).
    Removing nrfx_prs.o(.revsh_text), (4 bytes).
    Removing nrfx_prs.o(.rrx_text), (6 bytes).
    Removing nrfx_prs.o(i.nrfx_prs_acquire), (48 bytes).
    Removing nrfx_prs.o(i.nrfx_prs_release), (18 bytes).
    Removing nrfx_prs.o(i.prs_box_get), (24 bytes).
    Removing nrfx_prs.o(.constdata), (17 bytes).
    Removing nrfx_uart.o(.rev16_text), (4 bytes).
    Removing nrfx_uart.o(.revsh_text), (4 bytes).
    Removing nrfx_uart.o(.rrx_text), (6 bytes).
    Removing nrfx_uart.o(i.apply_config), (136 bytes).
    Removing nrfx_uart.o(i.nrf_gpio_cfg), (36 bytes).
    Removing nrfx_uart.o(i.nrf_gpio_cfg_default), (18 bytes).
    Removing nrfx_uart.o(i.nrf_gpio_cfg_input), (18 bytes).
    Removing nrfx_uart.o(i.nrf_gpio_cfg_output), (20 bytes).
    Removing nrfx_uart.o(i.nrf_uart_event_check), (10 bytes).
    Removing nrfx_uart.o(i.nrf_uart_event_clear), (12 bytes).
    Removing nrfx_uart.o(i.nrf_uart_int_enable_check), (12 bytes).
    Removing nrfx_uart.o(i.nrfx_uart_0_irq_handler), (16 bytes).
    Removing nrfx_uart.o(i.nrfx_uart_errorsrc_get), (26 bytes).
    Removing nrfx_uart.o(i.nrfx_uart_init), (212 bytes).
    Removing nrfx_uart.o(i.nrfx_uart_rx), (236 bytes).
    Removing nrfx_uart.o(i.nrfx_uart_rx_abort), (18 bytes).
    Removing nrfx_uart.o(i.nrfx_uart_rx_disable), (36 bytes).
    Removing nrfx_uart.o(i.nrfx_uart_rx_enable), (60 bytes).
    Removing nrfx_uart.o(i.nrfx_uart_rx_ready), (14 bytes).
    Removing nrfx_uart.o(i.nrfx_uart_tx), (164 bytes).
    Removing nrfx_uart.o(i.nrfx_uart_tx_abort), (48 bytes).
    Removing nrfx_uart.o(i.nrfx_uart_tx_in_progress), (32 bytes).
    Removing nrfx_uart.o(i.nrfx_uart_uninit), (180 bytes).
    Removing nrfx_uart.o(i.rx_byte), (50 bytes).
    Removing nrfx_uart.o(i.rx_done_event), (22 bytes).
    Removing nrfx_uart.o(i.rx_enable), (32 bytes).
    Removing nrfx_uart.o(i.tx_byte), (32 bytes).
    Removing nrfx_uart.o(i.tx_done_event), (26 bytes).
    Removing nrfx_uart.o(i.uart_irq_handler), (296 bytes).
    Removing nrfx_uart.o(.bss), (44 bytes).
    Removing nrfx_uart.o(.constdata), (15 bytes).
    Removing nrfx_uart.o(.constdata), (4 bytes).
    Removing nrfx_uart.o(.constdata), (13 bytes).
    Removing nrfx_uart.o(.constdata), (13 bytes).
    Removing nrfx_uarte.o(.rev16_text), (4 bytes).
    Removing nrfx_uarte.o(.revsh_text), (4 bytes).
    Removing nrfx_uarte.o(.rrx_text), (6 bytes).
    Removing nrfx_uarte.o(i.apply_config), (136 bytes).
    Removing nrfx_uarte.o(i.interrupts_enable), (128 bytes).
    Removing nrfx_uarte.o(i.nrf_gpio_cfg), (36 bytes).
    Removing nrfx_uarte.o(i.nrf_gpio_cfg_default), (18 bytes).
    Removing nrfx_uarte.o(i.nrf_gpio_cfg_input), (18 bytes).
    Removing nrfx_uarte.o(i.nrf_gpio_cfg_output), (20 bytes).
    Removing nrfx_uarte.o(i.nrf_uarte_event_check), (10 bytes).
    Removing nrfx_uarte.o(i.nrf_uarte_event_clear), (12 bytes).
    Removing nrfx_uarte.o(i.nrfx_is_in_ram), (16 bytes).
    Removing nrfx_uarte.o(i.nrfx_uarte_0_irq_handler), (16 bytes).
    Removing nrfx_uarte.o(i.nrfx_uarte_errorsrc_get), (26 bytes).
    Removing nrfx_uarte.o(i.nrfx_uarte_init), (108 bytes).
    Removing nrfx_uarte.o(i.nrfx_uarte_rx), (260 bytes).
    Removing nrfx_uarte.o(i.nrfx_uarte_rx_abort), (8 bytes).
    Removing nrfx_uarte.o(i.nrfx_uarte_rx_ready), (14 bytes).
    Removing nrfx_uarte.o(i.nrfx_uarte_tx), (144 bytes).
    Removing nrfx_uarte.o(i.nrfx_uarte_tx_abort), (56 bytes).
    Removing nrfx_uarte.o(i.nrfx_uarte_tx_in_progress), (28 bytes).
    Removing nrfx_uarte.o(i.nrfx_uarte_uninit), (176 bytes).
    Removing nrfx_uarte.o(i.rx_done_event), (24 bytes).
    Removing nrfx_uarte.o(i.uarte_irq_handler), (244 bytes).
    Removing nrfx_uarte.o(.bss), (36 bytes).
    Removing nrfx_uarte.o(.constdata), (16 bytes).
    Removing nrfx_uarte.o(.constdata), (4 bytes).
    Removing nrfx_uarte.o(.constdata), (14 bytes).
    Removing nrfx_uarte.o(.constdata), (14 bytes).
    Removing lcd1602.o(.rev16_text), (4 bytes).
    Removing lcd1602.o(.revsh_text), (4 bytes).
    Removing lcd1602.o(.rrx_text), (6 bytes).
    Removing key.o(.rev16_text), (4 bytes).
    Removing key.o(.revsh_text), (4 bytes).
    Removing key.o(.rrx_text), (6 bytes).
    Removing key.o(i.Delay), (10 bytes).
    Removing key.o(i.KEY1_Down), (44 bytes).
    Removing key.o(i.KEY2_Down), (44 bytes).
    Removing key.o(i.KEY_Init), (22 bytes).
    Removing key.o(i.nrf_gpio_cfg_input), (20 bytes).
    Removing key.o(i.nrf_gpio_pin_read), (16 bytes).
    Removing nrfx_saadc.o(.rev16_text), (4 bytes).
    Removing nrfx_saadc.o(.revsh_text), (4 bytes).
    Removing nrfx_saadc.o(.rrx_text), (6 bytes).
    Removing nrfx_saadc.o(i.nrf_saadc_limit_int_get), (16 bytes).
    Removing nrfx_saadc.o(i.nrfx_coredep_delay_us), (16 bytes).
    Removing nrfx_saadc.o(i.nrfx_saadc_abort), (92 bytes).
    Removing nrfx_saadc.o(i.nrfx_saadc_calibrate_offset), (52 bytes).
    Removing nrfx_saadc.o(i.nrfx_saadc_channel_uninit), (68 bytes).
    Removing nrfx_saadc.o(i.nrfx_saadc_is_busy), (16 bytes).
    Removing nrfx_saadc.o(i.nrfx_saadc_limits_set), (128 bytes).
    Removing nrfx_saadc.o(i.nrfx_saadc_sample_convert), (192 bytes).
    Removing nrfx_saadc.o(i.nrfx_saadc_sample_task_get), (28 bytes).
    Removing nrfx_saadc.o(i.nrfx_saadc_uninit), (108 bytes).
    Removing nrfx_saadc.o(.constdata), (6 bytes).
    Removing nrfx_saadc.o(.constdata), (16 bytes).
    Removing nrfx_saadc.o(.constdata), (24 bytes).
    Removing nrfx_saadc.o(.constdata), (26 bytes).
    Removing nrfx_saadc.o(.constdata), (26 bytes).
    Removing nrfx_saadc.o(.constdata), (26 bytes).
    Removing nrfx_saadc.o(.constdata), (18 bytes).
    Removing nrfx_saadc.o(.constdata), (28 bytes).
    Removing nrfx_timer.o(.rev16_text), (4 bytes).
    Removing nrfx_timer.o(.revsh_text), (4 bytes).
    Removing nrfx_timer.o(.rrx_text), (6 bytes).
    Removing nrfx_timer.o(i.nrfx_timer_capture), (30 bytes).
    Removing nrfx_timer.o(i.nrfx_timer_clear), (8 bytes).
    Removing nrfx_timer.o(i.nrfx_timer_compare_int_disable), (14 bytes).
    Removing nrfx_timer.o(i.nrfx_timer_compare_int_enable), (36 bytes).
    Removing nrfx_timer.o(i.nrfx_timer_disable), (28 bytes).
    Removing nrfx_timer.o(i.nrfx_timer_increment), (8 bytes).
    Removing nrfx_timer.o(i.nrfx_timer_is_enabled), (32 bytes).
    Removing nrfx_timer.o(i.nrfx_timer_pause), (8 bytes).
    Removing nrfx_timer.o(i.nrfx_timer_resume), (8 bytes).
    Removing nrfx_timer.o(i.nrfx_timer_uninit), (80 bytes).
    Removing nrfx_timer.o(.constdata), (16 bytes).
    Removing app_error.o(.rev16_text), (4 bytes).
    Removing app_error.o(.revsh_text), (4 bytes).
    Removing app_error.o(.rrx_text), (6 bytes).
    Removing app_error.o(i.app_error_save_and_stop), (100 bytes).
    Removing app_error.o(.bss), (32 bytes).
    Removing app_error_handler_keil.o(.rev16_text), (4 bytes).
    Removing app_error_handler_keil.o(.revsh_text), (4 bytes).
    Removing app_error_handler_keil.o(.rrx_text), (6 bytes).
    Removing app_error_handler_keil.o(.emb_text), (26 bytes).
    Removing app_error_weak.o(.rev16_text), (4 bytes).
    Removing app_error_weak.o(.revsh_text), (4 bytes).
    Removing app_error_weak.o(.rrx_text), (6 bytes).
    Removing app_util_platform.o(.rev16_text), (4 bytes).
    Removing app_util_platform.o(.revsh_text), (4 bytes).
    Removing app_util_platform.o(.rrx_text), (6 bytes).
    Removing app_util_platform.o(i.app_util_critical_region_enter), (4 bytes).
    Removing app_util_platform.o(i.app_util_critical_region_exit), (4 bytes).
    Removing app_util_platform.o(i.app_util_disable_irq), (16 bytes).
    Removing app_util_platform.o(i.app_util_enable_irq), (20 bytes).
    Removing app_util_platform.o(i.current_int_priority_get), (48 bytes).
    Removing app_util_platform.o(i.privilege_level_get), (26 bytes).
    Removing app_util_platform.o(.data), (4 bytes).
    Removing nrf_assert.o(.rev16_text), (4 bytes).
    Removing nrf_assert.o(.revsh_text), (4 bytes).
    Removing nrf_assert.o(.rrx_text), (6 bytes).
    Removing nrf_assert.o(i.assert_nrf_callback), (22 bytes).
    Removing nrf_strerror.o(.rev16_text), (4 bytes).
    Removing nrf_strerror.o(.revsh_text), (4 bytes).
    Removing nrf_strerror.o(.rrx_text), (6 bytes).
    Removing nrf_strerror.o(i.nrf_strerror_find), (56 bytes).
    Removing nrf_strerror.o(i.nrf_strerror_get), (20 bytes).
    Removing nrf_strerror.o(.constdata), (300 bytes).
    Removing nrf_strerror.o(.conststring), (957 bytes).
    Removing app_uart_fifo.o(.rev16_text), (4 bytes).
    Removing app_uart_fifo.o(.revsh_text), (4 bytes).
    Removing app_uart_fifo.o(.rrx_text), (6 bytes).
    Removing app_uart_fifo.o(i.app_uart_close), (40 bytes).
    Removing app_uart_fifo.o(i.app_uart_flush), (32 bytes).
    Removing app_uart_fifo.o(i.app_uart_get), (52 bytes).
    Removing app_uart_fifo.o(i.app_uart_init), (164 bytes).
    Removing app_uart_fifo.o(i.app_uart_put), (84 bytes).
    Removing app_uart_fifo.o(i.nrf_drv_uart_rx), (32 bytes).
    Removing app_uart_fifo.o(i.nrf_drv_uart_tx), (32 bytes).
    Removing app_uart_fifo.o(i.uart_event_handler), (160 bytes).
    Removing app_uart_fifo.o(.bss), (32 bytes).
    Removing app_uart_fifo.o(.constdata), (32 bytes).
    Removing app_uart_fifo.o(.data), (28 bytes).
    Removing app_fifo.o(.rev16_text), (4 bytes).
    Removing app_fifo.o(.revsh_text), (4 bytes).
    Removing app_fifo.o(.rrx_text), (6 bytes).
    Removing app_fifo.o(i.app_fifo_flush), (8 bytes).
    Removing app_fifo.o(i.app_fifo_get), (22 bytes).
    Removing app_fifo.o(i.app_fifo_init), (32 bytes).
    Removing app_fifo.o(i.app_fifo_peek), (34 bytes).
    Removing app_fifo.o(i.app_fifo_put), (26 bytes).
    Removing app_fifo.o(i.app_fifo_read), (74 bytes).
    Removing app_fifo.o(i.app_fifo_write), (82 bytes).
    Removing app_fifo.o(i.fifo_get), (20 bytes).
    Removing app_fifo.o(i.fifo_put), (18 bytes).
    Removing retarget.o(.rev16_text), (4 bytes).
    Removing retarget.o(.revsh_text), (4 bytes).
    Removing retarget.o(.rrx_text), (6 bytes).
    Removing retarget.o(i.fgetc), (18 bytes).
    Removing retarget.o(i.fputc), (14 bytes).
    Removing retarget.o(.data), (4 bytes).
    Removing retarget.o(.data), (4 bytes).
    Removing arm_startup_nrf52.o(HEAP), (8192 bytes).
    Removing system_nrf52.o(.rev16_text), (4 bytes).
    Removing system_nrf52.o(.revsh_text), (4 bytes).
    Removing system_nrf52.o(.rrx_text), (6 bytes).
    Removing system_nrf52.o(i.SystemCoreClockUpdate), (16 bytes).

201 unused section(s) (total 16233 bytes) removed from the image.

==============================================================================

Image Symbol Table

    Local Symbols

    Symbol Name                              Value     Ov Type        Size  Object(Section)

    RESET                                    0x00000000   Section      512  arm_startup_nrf52.o(RESET)
    ../clib/microlib/init/entry.s            0x00000000   Number         0  entry8b.o ABSOLUTE
    ../clib/microlib/init/entry.s            0x00000000   Number         0  entry7b.o ABSOLUTE
    ../clib/microlib/init/entry.s            0x00000000   Number         0  entry9a.o ABSOLUTE
    ../clib/microlib/init/entry.s            0x00000000   Number         0  entry9b.o ABSOLUTE
    ../clib/microlib/init/entry.s            0x00000000   Number         0  entry8a.o ABSOLUTE
    ../clib/microlib/init/entry.s            0x00000000   Number         0  entry10a.o ABSOLUTE
    ../clib/microlib/init/entry.s            0x00000000   Number         0  entry10b.o ABSOLUTE
    ../clib/microlib/init/entry.s            0x00000000   Number         0  entry11a.o ABSOLUTE
    ../clib/microlib/init/entry.s            0x00000000   Number         0  entry11b.o ABSOLUTE
    ../clib/microlib/init/entry.s            0x00000000   Number         0  entry.o ABSOLUTE
    ../clib/microlib/init/entry.s            0x00000000   Number         0  entry2.o ABSOLUTE
    ../clib/microlib/init/entry.s            0x00000000   Number         0  entry5.o ABSOLUTE
    ../clib/microlib/init/entry.s            0x00000000   Number         0  entry7a.o ABSOLUTE
    ../clib/microlib/string/memcpy.c         0x00000000   Number         0  memcpya.o ABSOLUTE
    ../clib/microlib/string/memcpy.c         0x00000000   Number         0  memcpyb.o ABSOLUTE
    ..\..\..\..\..\..\components\libraries\fifo\app_fifo.c 0x00000000   Number         0  app_fifo.o ABSOLUTE
    ..\..\..\..\..\..\components\libraries\strerror\nrf_strerror.c 0x00000000   Number         0  nrf_strerror.o ABSOLUTE
    ..\..\..\..\..\..\components\libraries\uart\app_uart_fifo.c 0x00000000   Number         0  app_uart_fifo.o ABSOLUTE
    ..\..\..\..\..\..\components\libraries\uart\retarget.c 0x00000000   Number         0  retarget.o ABSOLUTE
    ..\..\..\..\..\..\components\libraries\util\app_error.c 0x00000000   Number         0  app_error.o ABSOLUTE
    ..\..\..\..\..\..\components\libraries\util\app_error_handler_keil.c 0x00000000   Number         0  app_error_handler_keil.o ABSOLUTE
    ..\..\..\..\..\..\components\libraries\util\app_error_weak.c 0x00000000   Number         0  app_error_weak.o ABSOLUTE
    ..\..\..\..\..\..\components\libraries\util\app_util_platform.c 0x00000000   Number         0  app_util_platform.o ABSOLUTE
    ..\..\..\..\..\..\components\libraries\util\nrf_assert.c 0x00000000   Number         0  nrf_assert.o ABSOLUTE
    ..\..\..\..\..\..\drive\LCD1602.c        0x00000000   Number         0  lcd1602.o ABSOLUTE
    ..\..\..\..\..\..\drive\key.c            0x00000000   Number         0  key.o ABSOLUTE
    ..\..\..\..\..\..\integration\nrfx\legacy\nrf_drv_uart.c 0x00000000   Number         0  nrf_drv_uart.o ABSOLUTE
    ..\..\..\..\..\..\modules\nrfx\drivers\src\nrfx_saadc.c 0x00000000   Number         0  nrfx_saadc.o ABSOLUTE
    ..\..\..\..\..\..\modules\nrfx\drivers\src\nrfx_timer.c 0x00000000   Number         0  nrfx_timer.o ABSOLUTE
    ..\..\..\..\..\..\modules\nrfx\drivers\src\nrfx_uart.c 0x00000000   Number         0  nrfx_uart.o ABSOLUTE
    ..\..\..\..\..\..\modules\nrfx\drivers\src\nrfx_uarte.c 0x00000000   Number         0  nrfx_uarte.o ABSOLUTE
    ..\..\..\..\..\..\modules\nrfx\drivers\src\prs\nrfx_prs.c 0x00000000   Number         0  nrfx_prs.o ABSOLUTE
    ..\..\..\main.c                          0x00000000   Number         0  main.o ABSOLUTE
    ..\\..\\..\\..\\..\\..\\components\\libraries\\fifo\\app_fifo.c 0x00000000   Number         0  app_fifo.o ABSOLUTE
    ..\\..\\..\\..\\..\\..\\components\\libraries\\strerror\\nrf_strerror.c 0x00000000   Number         0  nrf_strerror.o ABSOLUTE
    ..\\..\\..\\..\\..\\..\\components\\libraries\\uart\\app_uart_fifo.c 0x00000000   Number         0  app_uart_fifo.o ABSOLUTE
    ..\\..\\..\\..\\..\\..\\components\\libraries\\uart\\retarget.c 0x00000000   Number         0  retarget.o ABSOLUTE
    ..\\..\\..\\..\\..\\..\\components\\libraries\\util\\app_error.c 0x00000000   Number         0  app_error.o ABSOLUTE
    ..\\..\\..\\..\\..\\..\\components\\libraries\\util\\app_error_handler_keil.c 0x00000000   Number         0  app_error_handler_keil.o ABSOLUTE
    ..\\..\\..\\..\\..\\..\\components\\libraries\\util\\app_error_weak.c 0x00000000   Number         0  app_error_weak.o ABSOLUTE
    ..\\..\\..\\..\\..\\..\\components\\libraries\\util\\app_util_platform.c 0x00000000   Number         0  app_util_platform.o ABSOLUTE
    ..\\..\\..\\..\\..\\..\\components\\libraries\\util\\nrf_assert.c 0x00000000   Number         0  nrf_assert.o ABSOLUTE
    ..\\..\\..\\..\\..\\..\\drive\\LCD1602.c 0x00000000   Number         0  lcd1602.o ABSOLUTE
    ..\\..\\..\\..\\..\\..\\drive\\key.c     0x00000000   Number         0  key.o ABSOLUTE
    ..\\..\\..\\..\\..\\..\\integration\\nrfx\\legacy\\nrf_drv_uart.c 0x00000000   Number         0  nrf_drv_uart.o ABSOLUTE
    ..\\..\\..\\..\\..\\..\\modules\\nrfx\\drivers\\src\\nrfx_saadc.c 0x00000000   Number         0  nrfx_saadc.o ABSOLUTE
    ..\\..\\..\\..\\..\\..\\modules\\nrfx\\drivers\\src\\nrfx_timer.c 0x00000000   Number         0  nrfx_timer.o ABSOLUTE
    ..\\..\\..\\..\\..\\..\\modules\\nrfx\\drivers\\src\\nrfx_uart.c 0x00000000   Number         0  nrfx_uart.o ABSOLUTE
    ..\\..\\..\\..\\..\\..\\modules\\nrfx\\drivers\\src\\nrfx_uarte.c 0x00000000   Number         0  nrfx_uarte.o ABSOLUTE
    ..\\..\\..\\..\\..\\..\\modules\\nrfx\\drivers\\src\\prs\\nrfx_prs.c 0x00000000   Number         0  nrfx_prs.o ABSOLUTE
    ..\\..\\..\\main.c                       0x00000000   Number         0  main.o ABSOLUTE
    RTE\Device\nRF52832_xxAA\arm_startup_nrf52.s 0x00000000   Number         0  arm_startup_nrf52.o ABSOLUTE
    RTE\Device\nRF52832_xxAA\system_nrf52.c  0x00000000   Number         0  system_nrf52.o ABSOLUTE
    RTE\\Device\\nRF52832_xxAA\\system_nrf52.c 0x00000000   Number         0  system_nrf52.o ABSOLUTE
    dc.s                                     0x00000000   Number         0  dc.o ABSOLUTE
    handlers.s                               0x00000000   Number         0  handlers.o ABSOLUTE
    init.s                                   0x00000000   Number         0  init.o ABSOLUTE
    .ARM.Collect$$$$00000000                 0x00000200   Section        0  entry.o(.ARM.Collect$$$$00000000)
    .ARM.Collect$$$$00000001                 0x00000200   Section        4  entry2.o(.ARM.Collect$$$$00000001)
    .ARM.Collect$$$$00000004                 0x00000204   Section        4  entry5.o(.ARM.Collect$$$$00000004)
    .ARM.Collect$$$$00000008                 0x00000208   Section        0  entry7b.o(.ARM.Collect$$$$00000008)
    .ARM.Collect$$$$0000000A                 0x00000208   Section        0  entry8b.o(.ARM.Collect$$$$0000000A)
    .ARM.Collect$$$$0000000B                 0x00000208   Section        8  entry9a.o(.ARM.Collect$$$$0000000B)
    .ARM.Collect$$$$0000000D                 0x00000210   Section        0  entry10a.o(.ARM.Collect$$$$0000000D)
    .ARM.Collect$$$$0000000F                 0x00000210   Section        0  entry11a.o(.ARM.Collect$$$$0000000F)
    .ARM.Collect$$$$00002712                 0x00000210   Section        4  entry2.o(.ARM.Collect$$$$00002712)
    __lit__00000000                          0x00000210   Data           4  entry2.o(.ARM.Collect$$$$00002712)
    .text                                    0x00000214   Section       36  arm_startup_nrf52.o(.text)
    $v0                                      0x00000214   Number         0  arm_startup_nrf52.o(.text)
    .text                                    0x00000238   Section       36  init.o(.text)
    i.LCD1602_Init                           0x0000025c   Section        0  lcd1602.o(i.LCD1602_Init)
    i.LCD_Wcom                               0x000002c0   Section        0  lcd1602.o(i.LCD_Wcom)
    i.LCD_Wdat                               0x00000320   Section        0  lcd1602.o(i.LCD_Wdat)
    i.Pin_Init                               0x00000380   Section        0  lcd1602.o(i.Pin_Init)
    i.SAADC_IRQHandler                       0x000003c8   Section        0  nrfx_saadc.o(i.SAADC_IRQHandler)
    i.Sys                                    0x00000510   Section        0  main.o(i.Sys)
    i.SystemInit                             0x00000544   Section        0  system_nrf52.o(i.SystemInit)
    i.TIMER0_IRQHandler                      0x00000854   Section        0  nrfx_timer.o(i.TIMER0_IRQHandler)
    i.TIMER1_IRQHandler                      0x00000868   Section        0  nrfx_timer.o(i.TIMER1_IRQHandler)
    i.UARTE0_UART0_IRQHandler                0x0000087c   Section        0  nrfx_prs.o(i.UARTE0_UART0_IRQHandler)
    i.__scatterload_copy                     0x00000888   Section       14  handlers.o(i.__scatterload_copy)
    i.__scatterload_null                     0x00000896   Section        2  handlers.o(i.__scatterload_null)
    i.__scatterload_zeroinit                 0x00000898   Section       14  handlers.o(i.__scatterload_zeroinit)
    i.app_error_fault_handler                0x000008a8   Section        0  app_error_weak.o(i.app_error_fault_handler)
    i.app_error_handler_bare                 0x000008d8   Section        0  app_error.o(i.app_error_handler_bare)
    i.displayCurrent                         0x000008f0   Section        0  main.o(i.displayCurrent)
    i.displayNum                             0x00000948   Section        0  main.o(i.displayNum)
    i.displayNumToString                     0x000009a0   Section        0  main.o(i.displayNumToString)
    i.irq_handler                            0x00000a48   Section        0  nrfx_timer.o(i.irq_handler)
    irq_handler                              0x00000a49   Thumb Code    70  nrfx_timer.o(i.irq_handler)
    i.keyInit                                0x00000a8e   Section        0  main.o(i.keyInit)
    i.keyScan                                0x00000ab4   Section        0  main.o(i.keyScan)
    i.ledInit                                0x00000b14   Section        0  main.o(i.ledInit)
    i.main                                   0x00000b34   Section        0  main.o(i.main)
    i.ms1TimerInit                           0x00000b70   Section        0  main.o(i.ms1TimerInit)
    i.nrf_gpio_cfg                           0x00000bc0   Section        0  main.o(i.nrf_gpio_cfg)
    nrf_gpio_cfg                             0x00000bc1   Thumb Code    36  main.o(i.nrf_gpio_cfg)
    i.nrf_gpio_cfg_input                     0x00000be4   Section        0  main.o(i.nrf_gpio_cfg_input)
    nrf_gpio_cfg_input                       0x00000be5   Thumb Code    18  main.o(i.nrf_gpio_cfg_input)
    i.nrf_gpio_cfg_output                    0x00000bf6   Section        0  main.o(i.nrf_gpio_cfg_output)
    nrf_gpio_cfg_output                      0x00000bf7   Thumb Code    20  main.o(i.nrf_gpio_cfg_output)
    i.nrf_gpio_cfg_output                    0x00000c0a   Section        0  lcd1602.o(i.nrf_gpio_cfg_output)
    nrf_gpio_cfg_output                      0x00000c0b   Thumb Code    16  lcd1602.o(i.nrf_gpio_cfg_output)
    i.nrf_gpio_pin_read                      0x00000c1a   Section        0  main.o(i.nrf_gpio_pin_read)
    nrf_gpio_pin_read                        0x00000c1b   Thumb Code    16  main.o(i.nrf_gpio_pin_read)
    i.nrf_gpio_pin_write                     0x00000c2a   Section        0  lcd1602.o(i.nrf_gpio_pin_write)
    nrf_gpio_pin_write                       0x00000c2b   Thumb Code    22  lcd1602.o(i.nrf_gpio_pin_write)
    i.nrf_saadc_buffer_init                  0x00000c40   Section        0  nrfx_saadc.o(i.nrf_saadc_buffer_init)
    nrf_saadc_buffer_init                    0x00000c41   Thumb Code    10  nrfx_saadc.o(i.nrf_saadc_buffer_init)
    i.nrf_saadc_channel_input_set            0x00000c50   Section        0  nrfx_saadc.o(i.nrf_saadc_channel_input_set)
    nrf_saadc_channel_input_set              0x00000c51   Thumb Code    16  nrfx_saadc.o(i.nrf_saadc_channel_input_set)
    i.nrf_saadc_event_check                  0x00000c64   Section        0  nrfx_saadc.o(i.nrf_saadc_event_check)
    nrf_saadc_event_check                    0x00000c65   Thumb Code    12  nrfx_saadc.o(i.nrf_saadc_event_check)
    i.nrf_saadc_event_clear                  0x00000c74   Section        0  nrfx_saadc.o(i.nrf_saadc_event_clear)
    nrf_saadc_event_clear                    0x00000c75   Thumb Code    16  nrfx_saadc.o(i.nrf_saadc_event_clear)
    i.nrf_timer_event_clear                  0x00000c88   Section        0  nrfx_timer.o(i.nrf_timer_event_clear)
    nrf_timer_event_clear                    0x00000c89   Thumb Code    12  nrfx_timer.o(i.nrf_timer_event_clear)
    i.nrfx_coredep_delay_us                  0x00000c94   Section        0  main.o(i.nrfx_coredep_delay_us)
    nrfx_coredep_delay_us                    0x00000c95   Thumb Code    12  main.o(i.nrfx_coredep_delay_us)
    i.nrfx_coredep_delay_us                  0x00000ca4   Section        0  lcd1602.o(i.nrfx_coredep_delay_us)
    nrfx_coredep_delay_us                    0x00000ca5   Thumb Code    12  lcd1602.o(i.nrfx_coredep_delay_us)
    i.nrfx_saadc_buffer_convert              0x00000cb4   Section        0  nrfx_saadc.o(i.nrfx_saadc_buffer_convert)
    i.nrfx_saadc_channel_init                0x00000d58   Section        0  nrfx_saadc.o(i.nrfx_saadc_channel_init)
    i.nrfx_saadc_init                        0x00000e14   Section        0  nrfx_saadc.o(i.nrfx_saadc_init)
    i.nrfx_saadc_sample                      0x00000ea4   Section        0  nrfx_saadc.o(i.nrfx_saadc_sample)
    i.nrfx_timer_compare                     0x00000ed0   Section        0  nrfx_timer.o(i.nrfx_timer_compare)
    i.nrfx_timer_enable                      0x00000f0c   Section        0  nrfx_timer.o(i.nrfx_timer_enable)
    i.nrfx_timer_extended_compare            0x00000f28   Section        0  nrfx_timer.o(i.nrfx_timer_extended_compare)
    i.nrfx_timer_init                        0x00000f54   Section        0  nrfx_timer.o(i.nrfx_timer_init)
    i.onMs1TimerHandler                      0x00001014   Section        0  main.o(i.onMs1TimerHandler)
    i.saadc_callback                         0x00001028   Section        0  main.o(i.saadc_callback)
    i.saadc_init                             0x0000109c   Section        0  main.o(i.saadc_init)
    i.timeScan                               0x00001108   Section        0  main.o(i.timeScan)
    .constdata                               0x00001160   Section       73  main.o(.constdata)
    default_config                           0x00001160   Data           4  main.o(.constdata)
    delay_bytecode                           0x00001170   Data           6  main.o(.constdata)
    .constdata                               0x000011b0   Section        6  lcd1602.o(.constdata)
    delay_bytecode                           0x000011b0   Data           6  lcd1602.o(.constdata)
    .data                                    0x20000000   Section       42  main.o(.data)
    m_buffer_pool                            0x20000024   Data           6  main.o(.data)
    .data                                    0x2000002c   Section        8  nrfx_prs.o(.data)
    m_prs_box_4                              0x2000002c   Data           8  nrfx_prs.o(.data)
    .data                                    0x20000034   Section       16  lcd1602.o(.data)
    .data                                    0x20000044   Section        4  system_nrf52.o(.data)
    __tagsym$$used                           0x20000044   Number         0  system_nrf52.o(.data)
    .bss                                     0x20000048   Section      620  main.o(.bss)
    .bss                                     0x200002b4   Section       48  nrfx_saadc.o(.bss)
    m_cb                                     0x200002b4   Data          48  nrfx_saadc.o(.bss)
    .bss                                     0x200002e4   Section       24  nrfx_timer.o(.bss)
    m_cb                                     0x200002e4   Data          24  nrfx_timer.o(.bss)
    STACK                                    0x20000300   Section     8192  arm_startup_nrf52.o(STACK)

    Global Symbols

    Symbol Name                              Value     Ov Type        Size  Object(Section)

    BuildAttributes$$THM_ISAv4$E$P$D$K$B$S$7EM$VFPi3$EXTD16$VFPS$VFMA$PE$A:L22UL41UL21$X:L11$S22US41US21$IEEE1$IW$USESV6$~STKCKD$USESV7$~SHL$OSPACE$EBA8$MICROLIB$REQ8$PRES8$EABIv2 0x00000000   Number         0  anon$$obj.o ABSOLUTE
    __ARM_use_no_argv                        0x00000000   Number         0  main.o ABSOLUTE
    __Vectors                                0x00000000   Data           4  arm_startup_nrf52.o(RESET)
    __cpp_initialize__aeabi_                  - Undefined Weak Reference
    __cxa_finalize                            - Undefined Weak Reference
    __decompress                              - Undefined Weak Reference
    _clock_init                               - Undefined Weak Reference
    _microlib_exit                            - Undefined Weak Reference
    __Vectors_End                            0x00000200   Data           0  arm_startup_nrf52.o(RESET)
    __Vectors_Size                           0x00000200   Number         0  arm_startup_nrf52.o ABSOLUTE
    __main                                   0x00000201   Thumb Code     0  entry.o(.ARM.Collect$$$$00000000)
    _main_stk                                0x00000201   Thumb Code     0  entry2.o(.ARM.Collect$$$$00000001)
    _main_scatterload                        0x00000205   Thumb Code     0  entry5.o(.ARM.Collect$$$$00000004)
    __main_after_scatterload                 0x00000209   Thumb Code     0  entry5.o(.ARM.Collect$$$$00000004)
    _main_clock                              0x00000209   Thumb Code     0  entry7b.o(.ARM.Collect$$$$00000008)
    _main_cpp_init                           0x00000209   Thumb Code     0  entry8b.o(.ARM.Collect$$$$0000000A)
    _main_init                               0x00000209   Thumb Code     0  entry9a.o(.ARM.Collect$$$$0000000B)
    __rt_final_cpp                           0x00000211   Thumb Code     0  entry10a.o(.ARM.Collect$$$$0000000D)
    __rt_final_exit                          0x00000211   Thumb Code     0  entry11a.o(.ARM.Collect$$$$0000000F)
    Reset_Handler                            0x00000215   Thumb Code     8  arm_startup_nrf52.o(.text)
    NMI_Handler                              0x0000021d   Thumb Code     2  arm_startup_nrf52.o(.text)
    HardFault_Handler                        0x0000021f   Thumb Code     2  arm_startup_nrf52.o(.text)
    MemoryManagement_Handler                 0x00000221   Thumb Code     2  arm_startup_nrf52.o(.text)
    BusFault_Handler                         0x00000223   Thumb Code     2  arm_startup_nrf52.o(.text)
    UsageFault_Handler                       0x00000225   Thumb Code     2  arm_startup_nrf52.o(.text)
    SVC_Handler                              0x00000227   Thumb Code     2  arm_startup_nrf52.o(.text)
    DebugMon_Handler                         0x00000229   Thumb Code     2  arm_startup_nrf52.o(.text)
    PendSV_Handler                           0x0000022b   Thumb Code     2  arm_startup_nrf52.o(.text)
    SysTick_Handler                          0x0000022d   Thumb Code     2  arm_startup_nrf52.o(.text)
    CCM_AAR_IRQHandler                       0x0000022f   Thumb Code     0  arm_startup_nrf52.o(.text)
    COMP_LPCOMP_IRQHandler                   0x0000022f   Thumb Code     0  arm_startup_nrf52.o(.text)
    ECB_IRQHandler                           0x0000022f   Thumb Code     0  arm_startup_nrf52.o(.text)
    FPU_IRQHandler                           0x0000022f   Thumb Code     0  arm_startup_nrf52.o(.text)
    GPIOTE_IRQHandler                        0x0000022f   Thumb Code     0  arm_startup_nrf52.o(.text)
    I2S_IRQHandler                           0x0000022f   Thumb Code     0  arm_startup_nrf52.o(.text)
    MWU_IRQHandler                           0x0000022f   Thumb Code     0  arm_startup_nrf52.o(.text)
    NFCT_IRQHandler                          0x0000022f   Thumb Code     0  arm_startup_nrf52.o(.text)
    PDM_IRQHandler                           0x0000022f   Thumb Code     0  arm_startup_nrf52.o(.text)
    POWER_CLOCK_IRQHandler                   0x0000022f   Thumb Code     0  arm_startup_nrf52.o(.text)
    PWM0_IRQHandler                          0x0000022f   Thumb Code     0  arm_startup_nrf52.o(.text)
    PWM1_IRQHandler                          0x0000022f   Thumb Code     0  arm_startup_nrf52.o(.text)
    PWM2_IRQHandler                          0x0000022f   Thumb Code     0  arm_startup_nrf52.o(.text)
    QDEC_IRQHandler                          0x0000022f   Thumb Code     0  arm_startup_nrf52.o(.text)
    RADIO_IRQHandler                         0x0000022f   Thumb Code     0  arm_startup_nrf52.o(.text)
    RNG_IRQHandler                           0x0000022f   Thumb Code     0  arm_startup_nrf52.o(.text)
    RTC0_IRQHandler                          0x0000022f   Thumb Code     0  arm_startup_nrf52.o(.text)
    RTC1_IRQHandler                          0x0000022f   Thumb Code     0  arm_startup_nrf52.o(.text)
    RTC2_IRQHandler                          0x0000022f   Thumb Code     0  arm_startup_nrf52.o(.text)
    SPIM0_SPIS0_TWIM0_TWIS0_SPI0_TWI0_IRQHandler 0x0000022f   Thumb Code     0  arm_startup_nrf52.o(.text)
    SPIM1_SPIS1_TWIM1_TWIS1_SPI1_TWI1_IRQHandler 0x0000022f   Thumb Code     0  arm_startup_nrf52.o(.text)
    SPIM2_SPIS2_SPI2_IRQHandler              0x0000022f   Thumb Code     0  arm_startup_nrf52.o(.text)
    SWI0_EGU0_IRQHandler                     0x0000022f   Thumb Code     0  arm_startup_nrf52.o(.text)
    SWI1_EGU1_IRQHandler                     0x0000022f   Thumb Code     0  arm_startup_nrf52.o(.text)
    SWI2_EGU2_IRQHandler                     0x0000022f   Thumb Code     0  arm_startup_nrf52.o(.text)
    SWI3_EGU3_IRQHandler                     0x0000022f   Thumb Code     0  arm_startup_nrf52.o(.text)
    SWI4_EGU4_IRQHandler                     0x0000022f   Thumb Code     0  arm_startup_nrf52.o(.text)
    SWI5_EGU5_IRQHandler                     0x0000022f   Thumb Code     0  arm_startup_nrf52.o(.text)
    TEMP_IRQHandler                          0x0000022f   Thumb Code     0  arm_startup_nrf52.o(.text)
    TIMER2_IRQHandler                        0x0000022f   Thumb Code     0  arm_startup_nrf52.o(.text)
    TIMER3_IRQHandler                        0x0000022f   Thumb Code     0  arm_startup_nrf52.o(.text)
    TIMER4_IRQHandler                        0x0000022f   Thumb Code     0  arm_startup_nrf52.o(.text)
    WDT_IRQHandler                           0x0000022f   Thumb Code     0  arm_startup_nrf52.o(.text)
    __scatterload                            0x00000239   Thumb Code    28  init.o(.text)
    __scatterload_rt2                        0x00000239   Thumb Code     0  init.o(.text)
    LCD1602_Init                             0x0000025d   Thumb Code   100  lcd1602.o(i.LCD1602_Init)
    LCD_Wcom                                 0x000002c1   Thumb Code    90  lcd1602.o(i.LCD_Wcom)
    LCD_Wdat                                 0x00000321   Thumb Code    90  lcd1602.o(i.LCD_Wdat)
    Pin_Init                                 0x00000381   Thumb Code    72  lcd1602.o(i.Pin_Init)
    SAADC_IRQHandler                         0x000003c9   Thumb Code   320  nrfx_saadc.o(i.SAADC_IRQHandler)
    Sys                                      0x00000511   Thumb Code    48  main.o(i.Sys)
    SystemInit                               0x00000545   Thumb Code   714  system_nrf52.o(i.SystemInit)
    TIMER0_IRQHandler                        0x00000855   Thumb Code    10  nrfx_timer.o(i.TIMER0_IRQHandler)
    TIMER1_IRQHandler                        0x00000869   Thumb Code    10  nrfx_timer.o(i.TIMER1_IRQHandler)
    UARTE0_UART0_IRQHandler                  0x0000087d   Thumb Code     6  nrfx_prs.o(i.UARTE0_UART0_IRQHandler)
    __scatterload_copy                       0x00000889   Thumb Code    14  handlers.o(i.__scatterload_copy)
    __scatterload_null                       0x00000897   Thumb Code     2  handlers.o(i.__scatterload_null)
    __scatterload_zeroinit                   0x00000899   Thumb Code    14  handlers.o(i.__scatterload_zeroinit)
    app_error_fault_handler                  0x000008a9   Thumb Code    40  app_error_weak.o(i.app_error_fault_handler)
    app_error_handler_bare                   0x000008d9   Thumb Code    22  app_error.o(i.app_error_handler_bare)
    displayCurrent                           0x000008f1   Thumb Code    58  main.o(i.displayCurrent)
    displayNum                               0x00000949   Thumb Code    86  main.o(i.displayNum)
    displayNumToString                       0x000009a1   Thumb Code   154  main.o(i.displayNumToString)
    keyInit                                  0x00000a8f   Thumb Code    38  main.o(i.keyInit)
    keyScan                                  0x00000ab5   Thumb Code    90  main.o(i.keyScan)
    ledInit                                  0x00000b15   Thumb Code    32  main.o(i.ledInit)
    main                                     0x00000b35   Thumb Code    54  main.o(i.main)
    ms1TimerInit                             0x00000b71   Thumb Code    72  main.o(i.ms1TimerInit)
    nrfx_saadc_buffer_convert                0x00000cb5   Thumb Code   154  nrfx_saadc.o(i.nrfx_saadc_buffer_convert)
    nrfx_saadc_channel_init                  0x00000d59   Thumb Code   174  nrfx_saadc.o(i.nrfx_saadc_channel_init)
    nrfx_saadc_init                          0x00000e15   Thumb Code   126  nrfx_saadc.o(i.nrfx_saadc_init)
    nrfx_saadc_sample                        0x00000ea5   Thumb Code    34  nrfx_saadc.o(i.nrfx_saadc_sample)
    nrfx_timer_compare                       0x00000ed1   Thumb Code    58  nrfx_timer.o(i.nrfx_timer_compare)
    nrfx_timer_enable                        0x00000f0d   Thumb Code    24  nrfx_timer.o(i.nrfx_timer_enable)
    nrfx_timer_extended_compare              0x00000f29   Thumb Code    42  nrfx_timer.o(i.nrfx_timer_extended_compare)
    nrfx_timer_init                          0x00000f55   Thumb Code   188  nrfx_timer.o(i.nrfx_timer_init)
    onMs1TimerHandler                        0x00001015   Thumb Code    14  main.o(i.onMs1TimerHandler)
    saadc_callback                           0x00001029   Thumb Code   106  main.o(i.saadc_callback)
    saadc_init                               0x0000109d   Thumb Code    96  main.o(i.saadc_init)
    timeScan                                 0x00001109   Thumb Code    82  main.o(i.timeScan)
    TIMER_key                                0x00001178   Data           8  main.o(.constdata)
    Region$$Table$$Base                      0x000011b8   Number         0  anon$$obj.o(Region$$Table)
    Region$$Table$$Limit                     0x000011d8   Number         0  anon$$obj.o(Region$$Table)
    inter200ms                               0x20000000   Data           1  main.o(.data)
    inter500ms                               0x20000001   Data           1  main.o(.data)
    interSec                                 0x20000002   Data           1  main.o(.data)
    interMin                                 0x20000003   Data           1  main.o(.data)
    keyCnt                                   0x20000004   Data           1  main.o(.data)
    keyBuff                                  0x20000005   Data           1  main.o(.data)
    interKey                                 0x20000006   Data           1  main.o(.data)
    ms1                                      0x20000007   Data           1  main.o(.data)
    show                                     0x20000008   Data           1  main.o(.data)
    ms200Cnt                                 0x2000000a   Data           2  main.o(.data)
    ms500Cnt                                 0x2000000c   Data           2  main.o(.data)
    secCnt                                   0x2000000e   Data           2  main.o(.data)
    minCnt                                   0x20000010   Data           2  main.o(.data)
    adCnt200ms                               0x20000014   Data           4  main.o(.data)
    adCnt                                    0x20000018   Data           4  main.o(.data)
    adBattery                                0x2000001c   Data           4  main.o(.data)
    adCurrent200ms                           0x20000020   Data           4  main.o(.data)
    LCD                                      0x20000034   Data          16  lcd1602.o(.data)
    SystemCoreClock                          0x20000044   Data           4  system_nrf52.o(.data)
    displayString                            0x20000048   Data          20  main.o(.bss)
    adBuff                                   0x2000005c   Data         600  main.o(.bss)
    __initial_sp                             0x20002300   Data           0  arm_startup_nrf52.o(STACK)



==============================================================================

Memory Map of the image

  Image Entry point : 0x00000201

  Load Region LR_IROM1 (Base: 0x00000000, Size: 0x00001220, Max: 0x00080000, ABSOLUTE)

    Execution Region ER_IROM1 (Exec base: 0x00000000, Load base: 0x00000000, Size: 0x000011d8, Max: 0x00080000, ABSOLUTE)

    Exec Addr    Load Addr    Size         Type   Attr      Idx    E Section Name        Object

    0x00000000   0x00000000   0x00000200   Data   RO         1670    RESET               arm_startup_nrf52.o
    0x00000200   0x00000200   0x00000000   Code   RO         1711  * .ARM.Collect$$$$00000000  mc_w.l(entry.o)
    0x00000200   0x00000200   0x00000004   Code   RO         1718    .ARM.Collect$$$$00000001  mc_w.l(entry2.o)
    0x00000204   0x00000204   0x00000004   Code   RO         1721    .ARM.Collect$$$$00000004  mc_w.l(entry5.o)
    0x00000208   0x00000208   0x00000000   Code   RO         1723    .ARM.Collect$$$$00000008  mc_w.l(entry7b.o)
    0x00000208   0x00000208   0x00000000   Code   RO         1725    .ARM.Collect$$$$0000000A  mc_w.l(entry8b.o)
    0x00000208   0x00000208   0x00000008   Code   RO         1726    .ARM.Collect$$$$0000000B  mc_w.l(entry9a.o)
    0x00000210   0x00000210   0x00000000   Code   RO         1728    .ARM.Collect$$$$0000000D  mc_w.l(entry10a.o)
    0x00000210   0x00000210   0x00000000   Code   RO         1730    .ARM.Collect$$$$0000000F  mc_w.l(entry11a.o)
    0x00000210   0x00000210   0x00000004   Code   RO         1719    .ARM.Collect$$$$00002712  mc_w.l(entry2.o)
    0x00000214   0x00000214   0x00000024   Code   RO         1671    .text               arm_startup_nrf52.o
    0x00000238   0x00000238   0x00000024   Code   RO         1732    .text               mc_w.l(init.o)
    0x0000025c   0x0000025c   0x00000064   Code   RO          804    i.LCD1602_Init      lcd1602.o
    0x000002c0   0x000002c0   0x00000060   Code   RO          805    i.LCD_Wcom          lcd1602.o
    0x00000320   0x00000320   0x00000060   Code   RO          806    i.LCD_Wdat          lcd1602.o
    0x00000380   0x00000380   0x00000048   Code   RO          807    i.Pin_Init          lcd1602.o
    0x000003c8   0x000003c8   0x00000148   Code   RO          944    i.SAADC_IRQHandler  nrfx_saadc.o
    0x00000510   0x00000510   0x00000034   Code   RO            4    i.Sys               main.o
    0x00000544   0x00000544   0x00000310   Code   RO         1679    i.SystemInit        system_nrf52.o
    0x00000854   0x00000854   0x00000014   Code   RO         1090    i.TIMER0_IRQHandler  nrfx_timer.o
    0x00000868   0x00000868   0x00000014   Code   RO         1091    i.TIMER1_IRQHandler  nrfx_timer.o
    0x0000087c   0x0000087c   0x0000000c   Code   RO          382    i.UARTE0_UART0_IRQHandler  nrfx_prs.o
    0x00000888   0x00000888   0x0000000e   Code   RO         1736    i.__scatterload_copy  mc_w.l(handlers.o)
    0x00000896   0x00000896   0x00000002   Code   RO         1737    i.__scatterload_null  mc_w.l(handlers.o)
    0x00000898   0x00000898   0x0000000e   Code   RO         1738    i.__scatterload_zeroinit  mc_w.l(handlers.o)
    0x000008a6   0x000008a6   0x00000002   PAD
    0x000008a8   0x000008a8   0x00000030   Code   RO         1293    i.app_error_fault_handler  app_error_weak.o
    0x000008d8   0x000008d8   0x00000016   Code   RO         1227    i.app_error_handler_bare  app_error.o
    0x000008ee   0x000008ee   0x00000002   PAD
    0x000008f0   0x000008f0   0x00000058   Code   RO            7    i.displayCurrent    main.o
    0x00000948   0x00000948   0x00000056   Code   RO            8    i.displayNum        main.o
    0x0000099e   0x0000099e   0x00000002   PAD
    0x000009a0   0x000009a0   0x000000a8   Code   RO            9    i.displayNumToString  main.o
    0x00000a48   0x00000a48   0x00000046   Code   RO         1092    i.irq_handler       nrfx_timer.o
    0x00000a8e   0x00000a8e   0x00000026   Code   RO           10    i.keyInit           main.o
    0x00000ab4   0x00000ab4   0x00000060   Code   RO           11    i.keyScan           main.o
    0x00000b14   0x00000b14   0x00000020   Code   RO           12    i.ledInit           main.o
    0x00000b34   0x00000b34   0x0000003c   Code   RO           13    i.main              main.o
    0x00000b70   0x00000b70   0x00000050   Code   RO           14    i.ms1TimerInit      main.o
    0x00000bc0   0x00000bc0   0x00000024   Code   RO           15    i.nrf_gpio_cfg      main.o
    0x00000be4   0x00000be4   0x00000012   Code   RO           16    i.nrf_gpio_cfg_input  main.o
    0x00000bf6   0x00000bf6   0x00000014   Code   RO           17    i.nrf_gpio_cfg_output  main.o
    0x00000c0a   0x00000c0a   0x00000010   Code   RO          808    i.nrf_gpio_cfg_output  lcd1602.o
    0x00000c1a   0x00000c1a   0x00000010   Code   RO           18    i.nrf_gpio_pin_read  main.o
    0x00000c2a   0x00000c2a   0x00000016   Code   RO          809    i.nrf_gpio_pin_write  lcd1602.o
    0x00000c40   0x00000c40   0x00000010   Code   RO          945    i.nrf_saadc_buffer_init  nrfx_saadc.o
    0x00000c50   0x00000c50   0x00000014   Code   RO          946    i.nrf_saadc_channel_input_set  nrfx_saadc.o
    0x00000c64   0x00000c64   0x00000010   Code   RO          947    i.nrf_saadc_event_check  nrfx_saadc.o
    0x00000c74   0x00000c74   0x00000014   Code   RO          948    i.nrf_saadc_event_clear  nrfx_saadc.o
    0x00000c88   0x00000c88   0x0000000c   Code   RO         1093    i.nrf_timer_event_clear  nrfx_timer.o
    0x00000c94   0x00000c94   0x00000010   Code   RO           19    i.nrfx_coredep_delay_us  main.o
    0x00000ca4   0x00000ca4   0x00000010   Code   RO          810    i.nrfx_coredep_delay_us  lcd1602.o
    0x00000cb4   0x00000cb4   0x000000a4   Code   RO          952    i.nrfx_saadc_buffer_convert  nrfx_saadc.o
    0x00000d58   0x00000d58   0x000000bc   Code   RO          954    i.nrfx_saadc_channel_init  nrfx_saadc.o
    0x00000e14   0x00000e14   0x00000090   Code   RO          956    i.nrfx_saadc_init   nrfx_saadc.o
    0x00000ea4   0x00000ea4   0x0000002c   Code   RO          959    i.nrfx_saadc_sample  nrfx_saadc.o
    0x00000ed0   0x00000ed0   0x0000003a   Code   RO         1096    i.nrfx_timer_compare  nrfx_timer.o
    0x00000f0a   0x00000f0a   0x00000002   PAD
    0x00000f0c   0x00000f0c   0x0000001c   Code   RO         1100    i.nrfx_timer_enable  nrfx_timer.o
    0x00000f28   0x00000f28   0x0000002a   Code   RO         1101    i.nrfx_timer_extended_compare  nrfx_timer.o
    0x00000f52   0x00000f52   0x00000002   PAD
    0x00000f54   0x00000f54   0x000000c0   Code   RO         1103    i.nrfx_timer_init   nrfx_timer.o
    0x00001014   0x00001014   0x00000014   Code   RO           20    i.onMs1TimerHandler  main.o
    0x00001028   0x00001028   0x00000074   Code   RO           21    i.saadc_callback    main.o
    0x0000109c   0x0000109c   0x0000006c   Code   RO           22    i.saadc_init        main.o
    0x00001108   0x00001108   0x00000058   Code   RO           23    i.timeScan          main.o
    0x00001160   0x00001160   0x00000049   Data   RO           25    .constdata          main.o
    0x000011a9   0x000011a9   0x00000007   PAD
    0x000011b0   0x000011b0   0x00000006   Data   RO          811    .constdata          lcd1602.o
    0x000011b6   0x000011b6   0x00000002   PAD
    0x000011b8   0x000011b8   0x00000020   Data   RO         1734    Region$$Table       anon$$obj.o


    Execution Region RW_IRAM1 (Exec base: 0x20000000, Load base: 0x000011d8, Size: 0x00002300, Max: 0x00010000, ABSOLUTE)

    Exec Addr    Load Addr    Size         Type   Attr      Idx    E Section Name        Object

    0x20000000   0x000011d8   0x0000002a   Data   RW           27    .data               main.o
    0x2000002a   0x00001202   0x00000002   PAD
    0x2000002c   0x00001204   0x00000008   Data   RW          387    .data               nrfx_prs.o
    0x20000034   0x0000120c   0x00000010   Data   RW          812    .data               lcd1602.o
    0x20000044   0x0000121c   0x00000004   Data   RW         1680    .data               system_nrf52.o
    0x20000048        -       0x0000026c   Zero   RW           24    .bss                main.o
    0x200002b4        -       0x00000030   Zero   RW          963    .bss                nrfx_saadc.o
    0x200002e4        -       0x00000018   Zero   RW         1108    .bss                nrfx_timer.o
    0x200002fc   0x00001220   0x00000004   PAD
    0x20000300        -       0x00002000   Zero   RW         1668    STACK               arm_startup_nrf52.o


==============================================================================

Image component sizes


      Code (inc. data)   RO Data    RW Data    ZI Data      Debug   Object Name

        22          0          0          0          0       2497   app_error.o
        48          8          0          0          0      27405   app_error_weak.o
        36          8        512          0       8192        932   arm_startup_nrf52.o
       418         16          6         16          0       9914   lcd1602.o
      1138        112         73         42        620      72978   main.o
         0          0          0          0          0      30924   nrf_drv_uart.o
        12          6          0          8          0       2106   nrfx_prs.o
       940         78          0          0         48      18288   nrfx_saadc.o
       442         28          0          0         24      15802   nrfx_timer.o
         0          0          0          0          0      31263   nrfx_uart.o
       784         70          0          4          0       2991   system_nrf52.o

    ----------------------------------------------------------------------
      3848        326        632         72       8888     215100   Object Totals
         0          0         32          0          0          0   (incl. Generated)
         8          0          9          2          4          0   (incl. Padding)

    ----------------------------------------------------------------------

      Code (inc. data)   RO Data    RW Data    ZI Data      Debug   Library Member Name

         0          0          0          0          0          0   entry.o
         0          0          0          0          0          0   entry10a.o
         0          0          0          0          0          0   entry11a.o
         8          4          0          0          0          0   entry2.o
         4          0          0          0          0          0   entry5.o
         0          0          0          0          0          0   entry7b.o
         0          0          0          0          0          0   entry8b.o
         8          4          0          0          0          0   entry9a.o
        30          0          0          0          0          0   handlers.o
        36          8          0          0          0         68   init.o

    ----------------------------------------------------------------------
        88         16          0          0          0         68   Library Totals
         2          0          0          0          0          0   (incl. Padding)

    ----------------------------------------------------------------------

      Code (inc. data)   RO Data    RW Data    ZI Data      Debug   Library Name

        86         16          0          0          0         68   mc_w.l

    ----------------------------------------------------------------------
        88         16          0          0          0         68   Library Totals

    ----------------------------------------------------------------------

==============================================================================


      Code (inc. data)   RO Data    RW Data    ZI Data      Debug   

      3936        342        632         72       8888     211172   Grand Totals
      3936        342        632         72       8888     211172   ELF Image Totals
      3936        342        632         72          0          0   ROM Totals

==============================================================================

    Total RO  Size (Code + RO Data)                 4568 (   4.46kB)
    Total RW  Size (RW Data + ZI Data)              8960 (   8.75kB)
    Total ROM Size (Code + RO Data + RW Data)       4640 (   4.53kB)

==============================================================================

