###############################################################################
#
# IAR ELF Linker V8.30.1.114/W32 for ARM                  11/Jul/2019  00:48:16
# Copyright 2007-2018 IAR Systems AB.
#
#    Output file  =  
#        D:\Work\通用电源\TFT
#        电流表\Software\TFT\tft\project\_build\blinky_pca10040.out
#    Map file     =  
#        D:\Work\通用电源\TFT
#        电流表\Software\TFT\tft\project\_build\blinky_pca10040.map
#    Command line =  
#        -f C:\Users\Jason\AppData\Local\Temp\EWBA11.tmp
#        ("D:\Work\通用电源\TFT
#        电流表\Software\TFT\tft\project\_build\app_error.o"
#        "D:\Work\通用电源\TFT
#        电流表\Software\TFT\tft\project\_build\app_error_handler_iar.o"
#        "D:\Work\通用电源\TFT
#        电流表\Software\TFT\tft\project\_build\app_error_weak.o"
#        "D:\Work\通用电源\TFT
#        电流表\Software\TFT\tft\project\_build\app_util_platform.o"
#        "D:\Work\通用电源\TFT
#        电流表\Software\TFT\tft\project\_build\iar_startup_nrf52.o"
#        "D:\Work\通用电源\TFT
#        电流表\Software\TFT\tft\project\_build\lcd.o"
#        "D:\Work\通用电源\TFT
#        电流表\Software\TFT\tft\project\_build\main.o"
#        "D:\Work\通用电源\TFT
#        电流表\Software\TFT\tft\project\_build\nrf_assert.o"
#        "D:\Work\通用电源\TFT
#        电流表\Software\TFT\tft\project\_build\nrf_atomic.o"
#        "D:\Work\通用电源\TFT
#        电流表\Software\TFT\tft\project\_build\nrf_balloc.o"
#        "D:\Work\通用电源\TFT
#        电流表\Software\TFT\tft\project\_build\nrf_drv_spi.o"
#        "D:\Work\通用电源\TFT
#        电流表\Software\TFT\tft\project\_build\nrf_fprintf.o"
#        "D:\Work\通用电源\TFT
#        电流表\Software\TFT\tft\project\_build\nrf_fprintf_format.o"
#        "D:\Work\通用电源\TFT
#        电流表\Software\TFT\tft\project\_build\nrf_log_frontend.o"
#        "D:\Work\通用电源\TFT
#        电流表\Software\TFT\tft\project\_build\nrf_log_str_formatter.o"
#        "D:\Work\通用电源\TFT
#        电流表\Software\TFT\tft\project\_build\nrf_memobj.o"
#        "D:\Work\通用电源\TFT
#        电流表\Software\TFT\tft\project\_build\nrf_ringbuf.o"
#        "D:\Work\通用电源\TFT
#        电流表\Software\TFT\tft\project\_build\nrf_strerror.o"
#        "D:\Work\通用电源\TFT
#        电流表\Software\TFT\tft\project\_build\nrfx_spi.o"
#        "D:\Work\通用电源\TFT
#        电流表\Software\TFT\tft\project\_build\nrfx_spim.o"
#        "D:\Work\通用电源\TFT
#        电流表\Software\TFT\tft\project\_build\system_nrf52.o" --redirect
#        _Printf=_PrintfFull --redirect _Scanf=_ScanfFull --no_out_extension -o
#        "D:\Work\通用电源\TFT
#        电流表\Software\TFT\tft\project\_build\blinky_pca10040.out" --map
#        "D:\Work\通用电源\TFT
#        电流表\Software\TFT\tft\project\_build\blinky_pca10040.map"
#        --config "D:\Work\通用电源\TFT
#        电流表\Software\TFT\tft\project\blinky_iar_nRF5x.icf"
#        --warnings_are_errors --entry __iar_program_start --inline --vfe
#        --text_out locale)
#
###############################################################################

*******************************************************************************
*** RUNTIME MODEL ATTRIBUTES
***

CppFlavor       = *
__SystemLibrary = DLib
__dlib_version  = 6


*******************************************************************************
*** HEAP SELECTION
***

The basic heap was selected because no calls to memory allocation
functions were found in the application outside of system library
functions, and there are calls to deallocation functions in the
application.


*******************************************************************************
*** PLACEMENT SUMMARY
***

"A0":  place at 0x0 { ro section .intvec };
define block RO_END with size = 0M, alignment = 8 { };
"P1":  place in [from 0x0 to 0x7'ffff] { ro, block RO_END };
define block CSTACK with size = 8K, alignment = 8 { };
define block HEAP with size = 8K, alignment = 8 { };
"P2":  place in [from 0x2000'0000 to 0x2000'ffff] {
          rw, block CSTACK, block HEAP };
initialize by copy { rw };
keep { section .intvec };

  Section            Kind         Address    Size  Object
  -------            ----         -------    ----  ------
"A0":                                       0x200
  .intvec            ro code          0x0   0x200  iar_startup_nrf52.o [1]
                                  - 0x200   0x200

"P1":                                      0x245b
  .text              ro code        0x200  0x1d38  lcd.o [1]
  .text              ro code       0x1f40   0x1d8  main.o [1]
  .text              ro code       0x2118   0x2b8  system_nrf52.o [1]
  .rodata            const         0x23d0    0xc8  lcd.o [1]
  .text              ro code       0x2498    0x74  nrfx_spim.o [1]
  .text              ro code       0x250c    0x38  packbits_init_single.o [4]
  .text              ro code       0x2544    0x28  data_init.o [4]
  .text              ro code       0x256c    0x22  fpinit_M.o [3]
  .iar.init_table    const         0x2590    0x10  - Linker created -
  .text              ro code       0x25a0     0x2  iar_startup_nrf52.o [1]
  .text              ro code       0x25a4    0x1e  cmain.o [4]
  .text              ro code       0x25c2     0x4  exit.o [2]
  .text              ro code       0x25c6     0x2  iar_startup_nrf52.o [1]
  .text              ro code       0x25c8     0xa  cexit.o [4]
  .text              ro code       0x25d2     0x2  iar_startup_nrf52.o [1]
  .text              ro code       0x25d4     0xc  XXexit.o [4]
  .text              ro code       0x25e0    0x10  iar_startup_nrf52.o [1]
  .text              ro code       0x25f0     0xc  cstartup_M.o [4]
  .text              ro code       0x25fc     0x2  iar_startup_nrf52.o [1]
  .text              ro code       0x25fe     0x2  iar_startup_nrf52.o [1]
  .text              ro code       0x2600     0x2  iar_startup_nrf52.o [1]
  .text              ro code       0x2602     0x2  iar_startup_nrf52.o [1]
  .text              ro code       0x2604     0x2  iar_startup_nrf52.o [1]
  .text              ro code       0x2606     0x2  iar_startup_nrf52.o [1]
  .text              ro code       0x2608     0x2  iar_startup_nrf52.o [1]
  .text              ro code       0x260a     0x2  iar_startup_nrf52.o [1]
  .text              ro code       0x260c     0x2  iar_startup_nrf52.o [1]
  .text              ro code       0x260e     0x2  iar_startup_nrf52.o [1]
  .text              ro code       0x2610     0x2  iar_startup_nrf52.o [1]
  .text              ro code       0x2612     0x2  iar_startup_nrf52.o [1]
  .text              ro code       0x2614     0x2  iar_startup_nrf52.o [1]
  .text              ro code       0x2616     0x2  iar_startup_nrf52.o [1]
  .text              ro code       0x2618     0x2  iar_startup_nrf52.o [1]
  .text              ro code       0x261a     0x2  iar_startup_nrf52.o [1]
  .text              ro code       0x261c     0x2  iar_startup_nrf52.o [1]
  .text              ro code       0x261e     0x2  iar_startup_nrf52.o [1]
  .text              ro code       0x2620     0x2  iar_startup_nrf52.o [1]
  .text              ro code       0x2622     0x2  iar_startup_nrf52.o [1]
  .text              ro code       0x2624     0x2  iar_startup_nrf52.o [1]
  .text              ro code       0x2626     0x2  iar_startup_nrf52.o [1]
  .text              ro code       0x2628     0x2  iar_startup_nrf52.o [1]
  .text              ro code       0x262a     0x2  iar_startup_nrf52.o [1]
  .text              ro code       0x262c     0x2  iar_startup_nrf52.o [1]
  .text              ro code       0x262e     0x2  iar_startup_nrf52.o [1]
  .text              ro code       0x2630     0x2  iar_startup_nrf52.o [1]
  .text              ro code       0x2632     0x2  iar_startup_nrf52.o [1]
  .text              ro code       0x2634     0x2  iar_startup_nrf52.o [1]
  .text              ro code       0x2636     0x2  iar_startup_nrf52.o [1]
  .text              ro code       0x2638     0x2  iar_startup_nrf52.o [1]
  .text              ro code       0x263a     0x2  iar_startup_nrf52.o [1]
  .text              ro code       0x263c     0x2  iar_startup_nrf52.o [1]
  .text              ro code       0x263e     0x2  iar_startup_nrf52.o [1]
  .text              ro code       0x2640     0x2  iar_startup_nrf52.o [1]
  .text              ro code       0x2642     0x2  iar_startup_nrf52.o [1]
  .text              ro code       0x2644     0x2  iar_startup_nrf52.o [1]
  .text              ro code       0x2646     0x2  iar_startup_nrf52.o [1]
  .text              ro code       0x2648     0x2  iar_startup_nrf52.o [1]
  .text              ro code       0x264a     0x2  iar_startup_nrf52.o [1]
  .text              ro code       0x264c     0x2  iar_startup_nrf52.o [1]
  .text              ro code       0x264e     0x2  iar_startup_nrf52.o [1]
  .rodata            const         0x2650     0x0  packbits_init_single.o [4]
  Initializer bytes  const         0x2650     0xb  <for P2-1>
                                 - 0x265b  0x245b

"P2", part 1 of 2:                           0x38
  P2-1                        0x2000'0000    0x38  <Init block>
    .data            inited   0x2000'0000    0x10  lcd.o [1]
    .data            inited   0x2000'0010     0x4  system_nrf52.o [1]
    .bss             inited   0x2000'0014    0x24  nrfx_spim.o [1]
                            - 0x2000'0038    0x38

"P2", part 2 of 2:                         0x2000
  CSTACK                      0x2000'0038  0x2000  <Block>
    CSTACK           uninit   0x2000'0038  0x2000  <Block tail>
                            - 0x2000'2038  0x2000

Unused ranges:

         From           To      Size
         ----           --      ----
       0x265b     0x7'ffff  0x7'd9a5
  0x2000'2038  0x2000'ffff    0xdfc8


*******************************************************************************
*** INIT TABLE
***

          Address      Size
          -------      ----
Copy/packbits (__iar_packbits_init_single3)
    1 source range, total size 0xb (19% of destination):
               0x2650   0xb
    1 destination range, total size 0x38:
          0x2000'0000  0x38



*******************************************************************************
*** MODULE SUMMARY
***

    Module                  ro code  ro data  rw data
    ------                  -------  -------  -------
command line/config:
    -------------------------------------------------
    Total:

D:\Work\通用电源\TFT 电流表\Software\TFT\tft\project\_build: [1]
    iar_startup_nrf52.o         618
    lcd.o                     7 480      203       16
    main.o                      472
    nrfx_spim.o                 116        8       36
    system_nrf52.o              696                 4
    -------------------------------------------------
    Total:                    9 382      211       56

dl7M_tlf.a: [2]
    exit.o                        4
    -------------------------------------------------
    Total:                        4

m7M_tls.a: [3]
    fpinit_M.o                   34
    -------------------------------------------------
    Total:                       34

rt7M_tl.a: [4]
    XXexit.o                     12
    cexit.o                      10
    cmain.o                      30
    cstartup_M.o                 12
    data_init.o                  40
    packbits_init_single.o       56
    -------------------------------------------------
    Total:                      160

    Gaps                         10        2
    Linker created                        16    8 192
-----------------------------------------------------
    Grand Total:              9 590      229    8 248


*******************************************************************************
*** ENTRY LIST
***

Entry                       Address   Size  Type      Object
-----                       -------   ----  ----      ------
.iar.init_table$$Base        0x2590          --   Gb  - Linker created -
.iar.init_table$$Limit       0x25a0          --   Gb  - Linker created -
?main                        0x25a5         Code  Gb  cmain.o [4]
BACK_COLOR              0x2000'000e    0x2  Data  Gb  lcd.o [1]
CSTACK$$Base            0x2000'0038          --   Gb  - Linker created -
CSTACK$$Limit           0x2000'2038          --   Gb  - Linker created -
LCD_DrawPoint                 0x299   0x16  Code  Gb  lcd.o [1]
LCD_Init                      0x2af  0x19a  Code  Gb  lcd.o [1]
LCD_SetCursor                 0x269   0x30  Code  Gb  lcd.o [1]
LCD_ShowChar                  0x505   0xf8  Code  Gb  lcd.o [1]
LCD_ShowString               0x1089   0x52  Code  Gb  lcd.o [1]
LCD_WR_DATA                   0x22d   0x12  Code  Gb  lcd.o [1]
LCD_WR_DATA8                  0x253    0xe  Code  Gb  lcd.o [1]
LCD_WR_DATA_NOCSRS            0x23f   0x14  Code  Gb  lcd.o [1]
LCD_WR_REG                    0x21b   0x12  Code  Gb  lcd.o [1]
LCD_WriteRAM_Prepare          0x261    0x8  Code  Gb  lcd.o [1]
POINT_COLOR             0x2000'000c    0x2  Data  Gb  lcd.o [1]
Region$$Table$$Base          0x2590          --   Gb  - Linker created -
Region$$Table$$Limit         0x25a0          --   Gb  - Linker created -
SPIM0_SPIS0_TWIM0_TWIS0_SPI0_TWI0_IRQHandler
                             0x24b3   0x4a  Code  Gb  nrfx_spim.o [1]
SPI_WriteByte                0x1f5b   0x6e  Code  Gb  main.o [1]
SystemCoreClock         0x2000'0010    0x4  Data  Gb  system_nrf52.o [1]
SystemInit                   0x2119  0x25a  Code  Gb  system_nrf52.o [1]
__ICFEDIT_region_RAM_end__ {Abs}
                        0x2000'ffff         Data  Gb  <internal module>
__ICFEDIT_region_RAM_start__ {Abs}
                        0x2000'0000         Data  Gb  <internal module>
__Vectors                       0x0          --   Gb  iar_startup_nrf52.o [1]
__Vectors_End                 0x200         Data  Gb  iar_startup_nrf52.o [1]
__Vectors_Size {Abs}          0x200          --   Gb  iar_startup_nrf52.o [1]
__cmain                      0x25a5         Code  Gb  cmain.o [4]
__exit                       0x25d5         Code  Gb  XXexit.o [4]
__iar_data_init3             0x2545   0x28  Code  Gb  data_init.o [4]
__iar_init_vfp               0x256d         Code  Gb  fpinit_M.o [3]
__iar_packbits_init_single3
                             0x250d   0x38  Code  Gb  packbits_init_single.o [4]
__iar_program_start          0x25f1         Code  Gb  cstartup_M.o [4]
__vector_table                  0x0         Data  Gb  iar_startup_nrf52.o [1]
_call_main                   0x25b1         Code  Gb  cmain.o [4]
_exit                        0x25c9         Code  Gb  cexit.o [4]
_main                        0x25bf         Code  Gb  cmain.o [4]
asc2_1206                     0xbfc  0x474  Data  Gb  lcd.o [1]
asc2_1608                     0x60c  0x5f0  Data  Gb  lcd.o [1]
exit                         0x25c3    0x4  Code  Gb  exit.o [2]
hanzi16                      0x23d8   0xc0  Data  Gb  lcd.o [1]
hanzi32                      0x1138  0x180  Data  Gb  lcd.o [1]
lcddev                  0x2000'0000    0xc  Data  Gb  lcd.o [1]
m_cb                    0x2000'0014   0x24  Data  Lc  nrfx_spim.o [1]
main                         0x20a3   0x30  Code  Gb  main.o [1]
nrf_delay_ms                  0x201   0x1a  Code  Lc  lcd.o [1]
nrf_delay_ms                 0x1f41   0x1a  Code  Lc  main.o [1]
nrf_spim_event_check         0x24a9    0xa  Code  Lc  nrfx_spim.o [1]
nrf_spim_event_clear         0x2499   0x10  Code  Lc  nrfx_spim.o [1]
nrfx_coredep_delay_us::delay_bytecode
                             0x23d0    0x8  Data  Lc  lcd.o [1]
nrfx_coredep_delay_us::delay_bytecode
                             0x2110    0x8  Data  Lc  main.o [1]
portInit                     0x1fc9   0x32  Code  Gb  main.o [1]
qqimage                      0x12b8  0xc80  Data  Gb  lcd.o [1]
showhanzi16                   0x44d   0x52  Code  Gb  lcd.o [1]
showhanzi32                   0x49f   0x56  Code  Gb  lcd.o [1]
showimage                    0x10db   0x4a  Code  Gb  lcd.o [1]
showqq                       0x2077   0x2c  Code  Gb  main.o [1]
xianshi                      0x1ffd   0x7a  Code  Gb  main.o [1]


[1] = D:\Work\通用电源\TFT 电流表\Software\TFT\tft\project\_build
[2] = dl7M_tlf.a
[3] = m7M_tls.a
[4] = rt7M_tl.a

  9 590 bytes of readonly  code memory
    229 bytes of readonly  data memory
  8 248 bytes of readwrite data memory

Errors: none
Warnings: none
